Archive member included to satisfy reference by file (symbol)

F:/App/STM32CubeIDE/setup/STM32CubeIDE_1.19.0/STM32CubeIDE/plugins/com.st.stm32cube.ide.mcu.externaltools.gnu-tools-for-stm32.13.3.rel1.win32_1.0.0.202411081344/tools/bin/../lib/gcc/arm-none-eabi/13.3.1/../../../../arm-none-eabi/lib/thumb/v7e-m+fp/hard\libc_nano.a(libc_a-exit.o)
                              F:/App/STM32CubeIDE/setup/STM32CubeIDE_1.19.0/STM32CubeIDE/plugins/com.st.stm32cube.ide.mcu.externaltools.gnu-tools-for-stm32.13.3.rel1.win32_1.0.0.202411081344/tools/bin/../lib/gcc/arm-none-eabi/13.3.1/../../../../arm-none-eabi/lib/thumb/v7e-m+fp/hard/crt0.o (exit)
F:/App/STM32CubeIDE/setup/STM32CubeIDE_1.19.0/STM32CubeIDE/plugins/com.st.stm32cube.ide.mcu.externaltools.gnu-tools-for-stm32.13.3.rel1.win32_1.0.0.202411081344/tools/bin/../lib/gcc/arm-none-eabi/13.3.1/../../../../arm-none-eabi/lib/thumb/v7e-m+fp/hard\libc_nano.a(libc_a-findfp.o)
                              F:/App/STM32CubeIDE/setup/STM32CubeIDE_1.19.0/STM32CubeIDE/plugins/com.st.stm32cube.ide.mcu.externaltools.gnu-tools-for-stm32.13.3.rel1.win32_1.0.0.202411081344/tools/bin/../lib/gcc/arm-none-eabi/13.3.1/../../../../arm-none-eabi/lib/thumb/v7e-m+fp/hard\libc_nano.a(libc_a-exit.o) (__stdio_exit_handler)
F:/App/STM32CubeIDE/setup/STM32CubeIDE_1.19.0/STM32CubeIDE/plugins/com.st.stm32cube.ide.mcu.externaltools.gnu-tools-for-stm32.13.3.rel1.win32_1.0.0.202411081344/tools/bin/../lib/gcc/arm-none-eabi/13.3.1/../../../../arm-none-eabi/lib/thumb/v7e-m+fp/hard\libc_nano.a(libc_a-fwalk.o)
                              F:/App/STM32CubeIDE/setup/STM32CubeIDE_1.19.0/STM32CubeIDE/plugins/com.st.stm32cube.ide.mcu.externaltools.gnu-tools-for-stm32.13.3.rel1.win32_1.0.0.202411081344/tools/bin/../lib/gcc/arm-none-eabi/13.3.1/../../../../arm-none-eabi/lib/thumb/v7e-m+fp/hard\libc_nano.a(libc_a-findfp.o) (_fwalk_sglue)
F:/App/STM32CubeIDE/setup/STM32CubeIDE_1.19.0/STM32CubeIDE/plugins/com.st.stm32cube.ide.mcu.externaltools.gnu-tools-for-stm32.13.3.rel1.win32_1.0.0.202411081344/tools/bin/../lib/gcc/arm-none-eabi/13.3.1/../../../../arm-none-eabi/lib/thumb/v7e-m+fp/hard\libc_nano.a(libc_a-snprintf.o)
                              ./Core/libraries/chuongtrinhchinh/chuongtrinhchinh.o (snprintf)
F:/App/STM32CubeIDE/setup/STM32CubeIDE_1.19.0/STM32CubeIDE/plugins/com.st.stm32cube.ide.mcu.externaltools.gnu-tools-for-stm32.13.3.rel1.win32_1.0.0.202411081344/tools/bin/../lib/gcc/arm-none-eabi/13.3.1/../../../../arm-none-eabi/lib/thumb/v7e-m+fp/hard\libc_nano.a(libc_a-stdio.o)
                              F:/App/STM32CubeIDE/setup/STM32CubeIDE_1.19.0/STM32CubeIDE/plugins/com.st.stm32cube.ide.mcu.externaltools.gnu-tools-for-stm32.13.3.rel1.win32_1.0.0.202411081344/tools/bin/../lib/gcc/arm-none-eabi/13.3.1/../../../../arm-none-eabi/lib/thumb/v7e-m+fp/hard\libc_nano.a(libc_a-findfp.o) (__sread)
F:/App/STM32CubeIDE/setup/STM32CubeIDE_1.19.0/STM32CubeIDE/plugins/com.st.stm32cube.ide.mcu.externaltools.gnu-tools-for-stm32.13.3.rel1.win32_1.0.0.202411081344/tools/bin/../lib/gcc/arm-none-eabi/13.3.1/../../../../arm-none-eabi/lib/thumb/v7e-m+fp/hard\libc_nano.a(libc_a-memset.o)
                              F:/App/STM32CubeIDE/setup/STM32CubeIDE_1.19.0/STM32CubeIDE/plugins/com.st.stm32cube.ide.mcu.externaltools.gnu-tools-for-stm32.13.3.rel1.win32_1.0.0.202411081344/tools/bin/../lib/gcc/arm-none-eabi/13.3.1/../../../../arm-none-eabi/lib/thumb/v7e-m+fp/hard/crt0.o (memset)
F:/App/STM32CubeIDE/setup/STM32CubeIDE_1.19.0/STM32CubeIDE/plugins/com.st.stm32cube.ide.mcu.externaltools.gnu-tools-for-stm32.13.3.rel1.win32_1.0.0.202411081344/tools/bin/../lib/gcc/arm-none-eabi/13.3.1/../../../../arm-none-eabi/lib/thumb/v7e-m+fp/hard\libc_nano.a(libc_a-closer.o)
                              F:/App/STM32CubeIDE/setup/STM32CubeIDE_1.19.0/STM32CubeIDE/plugins/com.st.stm32cube.ide.mcu.externaltools.gnu-tools-for-stm32.13.3.rel1.win32_1.0.0.202411081344/tools/bin/../lib/gcc/arm-none-eabi/13.3.1/../../../../arm-none-eabi/lib/thumb/v7e-m+fp/hard\libc_nano.a(libc_a-stdio.o) (_close_r)
F:/App/STM32CubeIDE/setup/STM32CubeIDE_1.19.0/STM32CubeIDE/plugins/com.st.stm32cube.ide.mcu.externaltools.gnu-tools-for-stm32.13.3.rel1.win32_1.0.0.202411081344/tools/bin/../lib/gcc/arm-none-eabi/13.3.1/../../../../arm-none-eabi/lib/thumb/v7e-m+fp/hard\libc_nano.a(libc_a-reent.o)
                              F:/App/STM32CubeIDE/setup/STM32CubeIDE_1.19.0/STM32CubeIDE/plugins/com.st.stm32cube.ide.mcu.externaltools.gnu-tools-for-stm32.13.3.rel1.win32_1.0.0.202411081344/tools/bin/../lib/gcc/arm-none-eabi/13.3.1/../../../../arm-none-eabi/lib/thumb/v7e-m+fp/hard\libc_nano.a(libc_a-closer.o) (errno)
F:/App/STM32CubeIDE/setup/STM32CubeIDE_1.19.0/STM32CubeIDE/plugins/com.st.stm32cube.ide.mcu.externaltools.gnu-tools-for-stm32.13.3.rel1.win32_1.0.0.202411081344/tools/bin/../lib/gcc/arm-none-eabi/13.3.1/../../../../arm-none-eabi/lib/thumb/v7e-m+fp/hard\libc_nano.a(libc_a-impure.o)
[...]
Memory Configuration

Name             Origin             Length             Attributes
RAM              0x20000000         0x00010000         xrw
FLASH            0x08000000         0x00040000         xr
*default*        0x00000000         0xffffffff

Linker script and memory map

LOAD F:/App/STM32CubeIDE/setup/STM32CubeIDE_1.19.0/STM32CubeIDE/plugins/com.st.stm32cube.ide.mcu.externaltools.gnu-tools-for-stm32.13.3.rel1.win32_1.0.0.202411081344/tools/bin/../lib/gcc/arm-none-eabi/13.3.1/thumb/v7e-m+fp/hard/crti.o
LOAD F:/App/STM32CubeIDE/setup/STM32CubeIDE_1.19.0/STM32CubeIDE/plugins/com.st.stm32cube.ide.mcu.externaltools.gnu-tools-for-stm32.13.3.rel1.win32_1.0.0.202411081344/tools/bin/../lib/gcc/arm-none-eabi/13.3.1/thumb/v7e-m+fp/hard/crtbegin.o
LOAD F:/App/STM32CubeIDE/setup/STM32CubeIDE_1.19.0/STM32CubeIDE/plugins/com.st.stm32cube.ide.mcu.externaltools.gnu-tools-for-stm32.13.3.rel1.win32_1.0.0.202411081344/tools/bin/../lib/gcc/arm-none-eabi/13.3.1/../../../../arm-none-eabi/lib/thumb/v7e-m+fp/hard/crt0.o
LOAD ./Core/Src/freertos.o
LOAD ./Core/Src/main.o
LOAD ./Core/Src/stm32f4xx_hal_msp.o
LOAD ./Core/Src/stm32f4xx_hal_timebase_tim.o
LOAD ./Core/Src/stm32f4xx_it.o
LOAD ./Core/Src/syscalls.o
LOAD ./Core/Src/sysmem.o
LOAD ./Core/Src/system_stm32f4xx.o
LOAD ./Core/Startup/startup_stm32f401ccux.o
LOAD ./Core/libraries/Buzzer/Buzzer.o
LOAD ./Core/libraries/FireSensor/FireSensor.o
LOAD ./Core/libraries/MQ-2/Gas.o
LOAD ./Core/libraries/Nhietdo/Nhietdo.o
LOAD ./Core/libraries/Servo/Servo.o
LOAD ./Core/libraries/button/button.o
LOAD ./Core/libraries/chuongtrinhchinh/chuongtrinhchinh.o
LOAD ./Core/libraries/led/led.o
LOAD ./Drivers/STM32F4xx_HAL_Driver/Src/stm32f4xx_hal.o
LOAD ./Drivers/STM32F4xx_HAL_Driver/Src/stm32f4xx_hal_adc.o
LOAD ./Drivers/STM32F4xx_HAL_Driver/Src/stm32f4xx_hal_adc_ex.o
LOAD ./Drivers/STM32F4xx_HAL_Driver/Src/stm32f4xx_hal_cortex.o
LOAD ./Drivers/STM32F4xx_HAL_Driver/Src/stm32f4xx_hal_dma.o
LOAD ./Drivers/STM32F4xx_HAL_Driver/Src/stm32f4xx_hal_dma_ex.o
LOAD ./Drivers/STM32F4xx_HAL_Driver/Src/stm32f4xx_hal_exti.o
LOAD ./Drivers/STM32F4xx_HAL_Driver/Src/stm32f4xx_hal_flash.o
LOAD ./Drivers/STM32F4xx_HAL_Driver/Src/stm32f4xx_hal_flash_ex.o
LOAD ./Drivers/STM32F4xx_HAL_Driver/Src/stm32f4xx_hal_flash_ramfunc.o
LOAD ./Drivers/STM32F4xx_HAL_Driver/Src/stm32f4xx_hal_gpio.o
LOAD ./Drivers/STM32F4xx_HAL_Driver/Src/stm32f4xx_hal_pwr.o
LOAD ./Drivers/STM32F4xx_HAL_Driver/Src/stm32f4xx_hal_pwr_ex.o
LOAD ./Drivers/STM32F4xx_HAL_Driver/Src/stm32f4xx_hal_rcc.o
LOAD ./Drivers/STM32F4xx_HAL_Driver/Src/stm32f4xx_hal_rcc_ex.o
LOAD ./Drivers/STM32F4xx_HAL_Driver/Src/stm32f4xx_hal_tim.o
LOAD ./Drivers/STM32F4xx_HAL_Driver/Src/stm32f4xx_hal_tim_ex.o
LOAD ./Drivers/STM32F4xx_HAL_Driver/Src/stm32f4xx_hal_uart.o
LOAD ./Middlewares/Third_Party/FreeRTOS/Source/CMSIS_RTOS_V2/cmsis_os2.o
LOAD ./Middlewares/Third_Party/FreeRTOS/Source/croutine.o
LOAD ./Middlewares/Third_Party/FreeRTOS/Source/event_groups.o
LOAD ./Middlewares/Third_Party/FreeRTOS/Source/list.o
LOAD ./Middlewares/Third_Party/FreeRTOS/Source/queue.o
LOAD ./Middlewares/Third_Party/FreeRTOS/Source/stream_buffer.o
LOAD ./Middlewares/Third_Party/FreeRTOS/Source/tasks.o
LOAD ./Middlewares/Third_Party/FreeRTOS/Source/timers.o
LOAD ./Middlewares/Third_Party/FreeRTOS/Source/portable/GCC/ARM_CM4F/port.o
LOAD ./Middlewares/Third_Party/FreeRTOS/Source/portable/MemMang/heap_4.o
START GROUP
LOAD F:/App/STM32CubeIDE/setup/STM32CubeIDE_1.19.0/STM32CubeIDE/plugins/com.st.stm32cube.ide.mcu.externaltools.gnu-tools-for-stm32.13.3.rel1.win32_1.0.0.202411081344/tools/bin/../lib/gcc/arm-none-eabi/13.3.1/../../../../arm-none-eabi/lib/thumb/v7e-m+fp/hard\libc_nano.a
LOAD F:/App/STM32CubeIDE/setup/STM32CubeIDE_1.19.0/STM32CubeIDE/plugins/com.st.stm32cube.ide.mcu.externaltools.gnu-tools-for-stm32.13.3.rel1.win32_1.0.0.202411081344/tools/bin/../lib/gcc/arm-none-eabi/13.3.1/../../../../arm-none-eabi/lib/thumb/v7e-m+fp/hard\libm.a
END GROUP
START GROUP
LOAD F:/App/STM32CubeIDE/setup/STM32CubeIDE_1.19.0/STM32CubeIDE/plugins/com.st.stm32cube.ide.mcu.externaltools.gnu-tools-for-stm32.13.3.rel1.win32_1.0.0.202411081344/tools/bin/../lib/gcc/arm-none-eabi/13.3.1/thumb/v7e-m+fp/hard\libgcc.a
LOAD F:/App/STM32CubeIDE/setup/STM32CubeIDE_1.19.0/STM32CubeIDE/plugins/com.st.stm32cube.ide.mcu.externaltools.gnu-tools-for-stm32.13.3.rel1.win32_1.0.0.202411081344/tools/bin/../lib/gcc/arm-none-eabi/13.3.1/../../../../arm-none-eabi/lib/thumb/v7e-m+fp/hard\libc_nano.a
END GROUP
START GROUP
LOAD F:/App/STM32CubeIDE/setup/STM32CubeIDE_1.19.0/STM32CubeIDE/plugins/com.st.stm32cube.ide.mcu.externaltools.gnu-tools-for-stm32.13.3.rel1.win32_1.0.0.202411081344/tools/bin/../lib/gcc/arm-none-eabi/13.3.1/thumb/v7e-m+fp/hard\libgcc.a
LOAD F:/App/STM32CubeIDE/setup/STM32CubeIDE_1.19.0/STM32CubeIDE/plugins/com.st.stm32cube.ide.mcu.externaltools.gnu-tools-for-stm32.13.3.rel1.win32_1.0.0.202411081344/tools/bin/../lib/gcc/arm-none-eabi/13.3.1/../../../../arm-none-eabi/lib/thumb/v7e-m+fp/hard\libc_nano.a
LOAD F:/App/STM32CubeIDE/setup/STM32CubeIDE_1.19.0/STM32CubeIDE/plugins/com.st.stm32cube.ide.mcu.externaltools.gnu-tools-for-stm32.13.3.rel1.win32_1.0.0.202411081344/tools/bin/../lib/gcc/arm-none-eabi/13.3.1/../../../../arm-none-eabi/lib/thumb/v7e-m+fp/hard\libnosys.a
END GROUP
START GROUP
LOAD F:/App/STM32CubeIDE/setup/STM32CubeIDE_1.19.0/STM32CubeIDE/plugins/com.st.stm32cube.ide.mcu.externaltools.gnu-tools-for-stm32.13.3.rel1.win32_1.0.0.202411081344/tools/bin/../lib/gcc/arm-none-eabi/13.3.1/thumb/v7e-m+fp/hard\libgcc.a
LOAD F:/App/STM32CubeIDE/setup/STM32CubeIDE_1.19.0/STM32CubeIDE/plugins/com.st.stm32cube.ide.mcu.externaltools.gnu-tools-for-stm32.13.3.rel1.win32_1.0.0.202411081344/tools/bin/../lib/gcc/arm-none-eabi/13.3.1/../../../../arm-none-eabi/lib/thumb/v7e-m+fp/hard\libc_nano.a
LOAD F:/App/STM32CubeIDE/setup/STM32CubeIDE_1.19.0/STM32CubeIDE/plugins/com.st.stm32cube.ide.mcu.externaltools.gnu-tools-for-stm32.13.3.rel1.win32_1.0.0.202411081344/tools/bin/../lib/gcc/arm-none-eabi/13.3.1/../../../../arm-none-eabi/lib/thumb/v7e-m+fp/hard\libnosys.a
END GROUP
LOAD F:/App/STM32CubeIDE/setup/STM32CubeIDE_1.19.0/STM32CubeIDE/plugins/com.st.stm32cube.ide.mcu.externaltools.gnu-tools-for-stm32.13.3.rel1.win32_1.0.0.202411081344/tools/bin/../lib/gcc/arm-none-eabi/13.3.1/thumb/v7e-m+fp/hard/crtend.o
LOAD F:/App/STM32CubeIDE/setup/STM32CubeIDE_1.19.0/STM32CubeIDE/plugins/com.st.stm32cube.ide.mcu.externaltools.gnu-tools-for-stm32.13.3.rel1.win32_1.0.0.202411081344/tools/bin/../lib/gcc/arm-none-eabi/13.3.1/thumb/v7e-m+fp/hard/crtn.o
                0x20010000                        _estack = (ORIGIN (RAM) + LENGTH (RAM))
                0x00000200                        _Min_Heap_Size = 0x200
                0x00000400                        _Min_Stack_Size = 0x400

.isr_vector     0x08000000      0x194
                0x08000000                        . = ALIGN (0x4)
 *(.isr_vector)
 .isr_vector    0x08000000      0x194 ./Core/Startup/startup_stm32f401ccux.o
                0x08000000                g_pfnVectors
                0x08000194                        . = ALIGN (0x4)

.text           0x080001a0     0x8568
                0x080001a0                        . = ALIGN (0x4)
 *(.text)
 .text          0x080001a0       0x40 F:/App/STM32CubeIDE/setup/STM32CubeIDE_1.19.0/STM32CubeIDE/plugins/com.st.stm32cube.ide.mcu.externaltools.gnu-tools-for-stm32.13.3.rel1.win32_1.0.0.202411081344/tools/bin/../lib/gcc/arm-none-eabi/13.3.1/thumb/v7e-m+fp/hard/crtbegin.o
 .text          0x080001e0       0x10 F:/App/STM32CubeIDE/setup/STM32CubeIDE_1.19.0/STM32CubeIDE/plugins/com.st.stm32cube.ide.mcu.externaltools.gnu-tools-for-stm32.13.3.rel1.win32_1.0.0.202411081344/tools/bin/../lib/gcc/arm-none-eabi/13.3.1/../../../../arm-none-eabi/lib/thumb/v7e-m+fp/hard\libc_nano.a(libc_a-strlen.o)
                0x080001e0                strlen
 .text          0x080001f0       0xa0 F:/App/STM32CubeIDE/setup/STM32CubeIDE_1.19.0/STM32CubeIDE/plugins/com.st.stm32cube.ide.mcu.externaltools.gnu-tools-for-stm32.13.3.rel1.win32_1.0.0.202411081344/tools/bin/../lib/gcc/arm-none-eabi/13.3.1/../../../../arm-none-eabi/lib/thumb/v7e-m+fp/hard\libc_nano.a(libc_a-memchr.o)
                0x080001f0                memchr
 .text          0x08000290       0x30 F:/App/STM32CubeIDE/setup/STM32CubeIDE_1.19.0/STM32CubeIDE/plugins/com.st.stm32cube.ide.mcu.externaltools.gnu-tools-for-stm32.13.3.rel1.win32_1.0.0.202411081344/tools/bin/../lib/gcc/arm-none-eabi/13.3.1/thumb/v7e-m+fp/hard\libgcc.a(_aeabi_uldivmod.o)
                0x08000290                __aeabi_uldivmod
 .text          0x080002c0      0x2f8 F:/App/STM32CubeIDE/setup/STM32CubeIDE_1.19.0/STM32CubeIDE/plugins/com.st.stm32cube.ide.mcu.externaltools.gnu-tools-for-stm32.13.3.rel1.win32_1.0.0.202411081344/tools/bin/../lib/gcc/arm-none-eabi/13.3.1/thumb/v7e-m+fp/hard\libgcc.a(_udivmoddi4.o)
                0x080002c0                __udivmoddi4
 .text          0x080005b8        0x4 F:/App/STM32CubeIDE/setup/STM32CubeIDE_1.19.0/STM32CubeIDE/plugins/com.st.stm32cube.ide.mcu.externaltools.gnu-tools-for-stm32.13.3.rel1.win32_1.0.0.202411081344/tools/bin/../lib/gcc/arm-none-eabi/13.3.1/thumb/v7e-m+fp/hard\libgcc.a(_dvmd_tls.o)
                0x080005b8                __aeabi_idiv0
                0x080005b8                __aeabi_ldiv0
 *(.text*)
 .text.main     0x080005bc       0x50 ./Core/Src/main.o
                0x080005bc                main
 .text.SystemClock_Config
                0x0800060c       0xd4 ./Core/Src/main.o
                0x0800060c                SystemClock_Config
 .text.MX_ADC1_Init
                0x080006e0       0xc0 ./Core/Src/main.o
 .text.MX_TIM2_Init
                0x080007a0      0x118 ./Core/Src/main.o
 .text.MX_TIM3_Init
                0x080008b8       0xec ./Core/Src/main.o
 .text.MX_USART1_UART_Init
                0x080009a4       0x54 ./Core/Src/main.o
 .text.MX_DMA_Init
                0x080009f8       0x40 ./Core/Src/main.o
 .text.MX_GPIO_Init
                0x08000a38       0xfc ./Core/Src/main.o
 .text.StartDefaultTask
                0x08000b34       0x10 ./Core/Src/main.o
                0x08000b34                StartDefaultTask
 .text.HAL_TIM_PeriodElapsedCallback
                0x08000b44       0x24 ./Core/Src/main.o
                0x08000b44                HAL_TIM_PeriodElapsedCallback
 .text.Error_Handler
                0x08000b68        0xc ./Core/Src/main.o
                0x08000b68                Error_Handler
 .text.HAL_MspInit
                0x08000b74       0x58 ./Core/Src/stm32f4xx_hal_msp.o
                0x08000b74                HAL_MspInit
 .text.HAL_ADC_MspInit
                0x08000bcc       0xf0 ./Core/Src/stm32f4xx_hal_msp.o
                0x08000bcc                HAL_ADC_MspInit
 .text.HAL_TIM_Base_MspInit
                0x08000cbc       0x6c ./Core/Src/stm32f4xx_hal_msp.o
                0x08000cbc                HAL_TIM_Base_MspInit
 .text.HAL_TIM_MspPostInit
                0x08000d28       0xc0 ./Core/Src/stm32f4xx_hal_msp.o
                0x08000d28                HAL_TIM_MspPostInit
 .text.HAL_UART_MspInit
                0x08000de8       0x90 ./Core/Src/stm32f4xx_hal_msp.o
                0x08000de8                HAL_UART_MspInit
 .text.HAL_InitTick
                0x08000e78       0xf8 ./Core/Src/stm32f4xx_hal_timebase_tim.o
                0x08000e78                HAL_InitTick
 .text.NMI_Handler
                0x08000f70        0x8 ./Core/Src/stm32f4xx_it.o
                0x08000f70                NMI_Handler
 .text.HardFault_Handler
                0x08000f78        0x8 ./Core/Src/stm32f4xx_it.o
                0x08000f78                HardFault_Handler
 .text.MemManage_Handler
                0x08000f80        0x8 ./Core/Src/stm32f4xx_it.o
                0x08000f80                MemManage_Handler
 .text.BusFault_Handler
                0x08000f88        0x8 ./Core/Src/stm32f4xx_it.o
                0x08000f88                BusFault_Handler
 .text.UsageFault_Handler
                0x08000f90        0x8 ./Core/Src/stm32f4xx_it.o
                0x08000f90                UsageFault_Handler
 .text.DebugMon_Handler
                0x08000f98        0xe ./Core/Src/stm32f4xx_it.o
                0x08000f98                DebugMon_Handler
 *fill*         0x08000fa6        0x2 
 .text.TIM5_IRQHandler
                0x08000fa8       0x14 ./Core/Src/stm32f4xx_it.o
                0x08000fa8                TIM5_IRQHandler
 .text.DMA2_Stream0_IRQHandler
                0x08000fbc       0x14 ./Core/Src/stm32f4xx_it.o
                0x08000fbc                DMA2_Stream0_IRQHandler
 .text._sbrk    0x08000fd0       0x6c ./Core/Src/sysmem.o
                0x08000fd0                _sbrk
 .text.SystemInit
                0x0800103c       0x24 ./Core/Src/system_stm32f4xx.o
                0x0800103c                SystemInit
 .text.Reset_Handler
                0x08001060       0x50 ./Core/Startup/startup_stm32f401ccux.o
                0x08001060                Reset_Handler
 .text.Default_Handler
                0x080010b0        0x2 ./Core/Startup/startup_stm32f401ccux.o
                0x080010b0                RTC_Alarm_IRQHandler
                0x080010b0                EXTI2_IRQHandler
                0x080010b0                SPI4_IRQHandler
                0x080010b0                TIM1_CC_IRQHandler
                0x080010b0                DMA2_Stream5_IRQHandler
                0x080010b0                DMA1_Stream5_IRQHandler
                0x080010b0                PVD_IRQHandler
                0x080010b0                SDIO_IRQHandler
                0x080010b0                TAMP_STAMP_IRQHandler
                0x080010b0                EXTI3_IRQHandler
                0x080010b0                TIM1_UP_TIM10_IRQHandler
                0x080010b0                I2C3_ER_IRQHandler
                0x080010b0                EXTI0_IRQHandler
                0x080010b0                I2C2_EV_IRQHandler
                0x080010b0                DMA1_Stream2_IRQHandler
                0x080010b0                FPU_IRQHandler
                0x080010b0                DMA2_Stream2_IRQHandler
                0x080010b0                SPI1_IRQHandler
                0x080010b0                TIM1_BRK_TIM9_IRQHandler
                0x080010b0                DMA2_Stream3_IRQHandler
                0x080010b0                USART6_IRQHandler
                0x080010b0                TIM4_IRQHandler
                0x080010b0                I2C1_EV_IRQHandler
                0x080010b0                DMA1_Stream6_IRQHandler
                0x080010b0                DMA1_Stream1_IRQHandler
                0x080010b0                TIM3_IRQHandler
                0x080010b0                RCC_IRQHandler
                0x080010b0                Default_Handler
                0x080010b0                EXTI15_10_IRQHandler
                0x080010b0                ADC_IRQHandler
                0x080010b0                DMA1_Stream7_IRQHandler
                0x080010b0                DMA2_Stream7_IRQHandler
                0x080010b0                I2C3_EV_IRQHandler
                0x080010b0                EXTI9_5_IRQHandler
                0x080010b0                RTC_WKUP_IRQHandler
                0x080010b0                SPI2_IRQHandler
                0x080010b0                DMA1_Stream0_IRQHandler
                0x080010b0                EXTI4_IRQHandler
                0x080010b0                WWDG_IRQHandler
                0x080010b0                TIM2_IRQHandler
                0x080010b0                OTG_FS_WKUP_IRQHandler
                0x080010b0                TIM1_TRG_COM_TIM11_IRQHandler
                0x080010b0                EXTI1_IRQHandler
                0x080010b0                USART2_IRQHandler
                0x080010b0                I2C2_ER_IRQHandler
                0x080010b0                DMA2_Stream1_IRQHandler
                0x080010b0                FLASH_IRQHandler
                0x080010b0                DMA2_Stream4_IRQHandler
                0x080010b0                USART1_IRQHandler
                0x080010b0                OTG_FS_IRQHandler
                0x080010b0                SPI3_IRQHandler
                0x080010b0                DMA1_Stream4_IRQHandler
                0x080010b0                I2C1_ER_IRQHandler
                0x080010b0                DMA2_Stream6_IRQHandler
                0x080010b0                DMA1_Stream3_IRQHandler
 .text.BUZZER_Init
                0x080010b2        0xc ./Core/libraries/Buzzer/Buzzer.o
                0x080010b2                BUZZER_Init
 *fill*         0x080010be        0x2 
 .text.BUZZER_On
                0x080010c0       0x18 ./Core/libraries/Buzzer/Buzzer.o
                0x080010c0                BUZZER_On
 .text.BUZZER_Off
                0x080010d8       0x18 ./Core/libraries/Buzzer/Buzzer.o
                0x080010d8                BUZZER_Off
 .text.FireSensor_Init
                0x080010f0       0x38 ./Core/libraries/FireSensor/FireSensor.o
                0x080010f0                FireSensor_Init
 .text.FireSensor_IsDetected
                0x08001128       0x20 ./Core/libraries/FireSensor/FireSensor.o
                0x08001128                FireSensor_IsDetected
 .text.MQ2_Read
                0x08001148       0x3e ./Core/libraries/MQ-2/Gas.o
                0x08001148                MQ2_Read
 *fill*         0x08001186        0x2 
 .text.DWT_Delay_Init
                0x08001188       0x34 ./Core/libraries/Nhietdo/Nhietdo.o
 .text.delay_us
                0x080011bc       0x4c ./Core/libraries/Nhietdo/Nhietdo.o
 .text.Set_Pin_Output
                0x08001208       0x38 ./Core/libraries/Nhietdo/Nhietdo.o
 .text.Set_Pin_Input
                0x08001240       0x38 ./Core/libraries/Nhietdo/Nhietdo.o
 .text.read_byte
                0x08001278       0xb4 ./Core/libraries/Nhietdo/Nhietdo.o
 .text.Nhietdo_Init
                0x0800132c       0x20 ./Core/libraries/Nhietdo/Nhietdo.o
                0x0800132c                Nhietdo_Init
 .text.Nhietdo_Read
                0x0800134c      0x12c ./Core/libraries/Nhietdo/Nhietdo.o
                0x0800134c                Nhietdo_Read
 .text.Servo_Init
                0x08001478       0x40 ./Core/libraries/Servo/Servo.o
                0x08001478                Servo_Init
 .text.Servo_SetPulse
                0x080014b8       0x70 ./Core/libraries/Servo/Servo.o
                0x080014b8                Servo_SetPulse
 .text.Servo_SetAngle
                0x08001528       0x50 ./Core/libraries/Servo/Servo.o
                0x08001528                Servo_SetAngle
 .text.Button_ReadRaw
                0x08001578       0x20 ./Core/libraries/button/button.o
 .text.Button_Init
                0x08001598       0x3c ./Core/libraries/button/button.o
                0x08001598                Button_Init
 .text.Button_IsPressed
                0x080015d4       0x54 ./Core/libraries/button/button.o
                0x080015d4                Button_IsPressed
 .text.Button_IsHeld
                0x08001628       0x74 ./Core/libraries/button/button.o
                0x08001628                Button_IsHeld
 .text.Button_ResetHoldState
                0x0800169c       0x2c ./Core/libraries/button/button.o
                0x0800169c                Button_ResetHoldState
 .text.ESP_SendString
                0x080016c8       0x30 ./Core/libraries/chuongtrinhchinh/chuongtrinhchinh.o
 .text.ESP_SendState
                0x080016f8       0xf8 ./Core/libraries/chuongtrinhchinh/chuongtrinhchinh.o
 .text.ESP_SendLevel3ReleasedEvent
                0x080017f0       0x14 ./Core/libraries/chuongtrinhchinh/chuongtrinhchinh.o
 .text.MoCua    0x08001804       0x3c ./Core/libraries/chuongtrinhchinh/chuongtrinhchinh.o
 .text.DongCua  0x08001840       0x3c ./Core/libraries/chuongtrinhchinh/chuongtrinhchinh.o
 .text.MoCuaSo  0x0800187c       0x14 ./Core/libraries/chuongtrinhchinh/chuongtrinhchinh.o
 .text.DongCuaSo
                0x08001890       0x14 ./Core/libraries/chuongtrinhchinh/chuongtrinhchinh.o
 .text.MoCuaBep
                0x080018a4       0x14 ./Core/libraries/chuongtrinhchinh/chuongtrinhchinh.o
 .text.DongCuaBep
                0x080018b8       0x14 ./Core/libraries/chuongtrinhchinh/chuongtrinhchinh.o
 .text.MoCuaThoatHiem
                0x080018cc       0x14 ./Core/libraries/chuongtrinhchinh/chuongtrinhchinh.o
 .text.DongCuaThoatHiem
                0x080018e0       0x14 ./Core/libraries/chuongtrinhchinh/chuongtrinhchinh.o
 .text.MoTatCaCua
                0x080018f4       0x14 ./Core/libraries/chuongtrinhchinh/chuongtrinhchinh.o
 .text.DongTatCaCua
                0x08001908       0x14 ./Core/libraries/chuongtrinhchinh/chuongtrinhchinh.o
 .text.XacDinhTrangThai
                0x0800191c       0xd8 ./Core/libraries/chuongtrinhchinh/chuongtrinhchinh.o
 .text.KiemTraNutDeMoKhoaMuc3
                0x080019f4       0x38 ./Core/libraries/chuongtrinhchinh/chuongtrinhchinh.o
 .text.XuLyKhiVaoTrangThaiMoi
                0x08001a2c       0x90 ./Core/libraries/chuongtrinhchinh/chuongtrinhchinh.o
 .text.XuLyTrangThaiLienTuc
                0x08001abc       0xb4 ./Core/libraries/chuongtrinhchinh/chuongtrinhchinh.o
 .text.StartSensorTask
                0x08001b70       0x70 ./Core/libraries/chuongtrinhchinh/chuongtrinhchinh.o
                0x08001b70                StartSensorTask
 .text.StartControlTask
                0x08001be0       0x90 ./Core/libraries/chuongtrinhchinh/chuongtrinhchinh.o
                0x08001be0                StartControlTask
 .text.StartUartTask
                0x08001c70       0x24 ./Core/libraries/chuongtrinhchinh/chuongtrinhchinh.o
                0x08001c70                StartUartTask
 .text.KhoiTao  0x08001c94       0x8c ./Core/libraries/chuongtrinhchinh/chuongtrinhchinh.o
                0x08001c94                KhoiTao
 .text.LED_Init
                0x08001d20       0x10 ./Core/libraries/led/led.o
                0x08001d20                LED_Init
 .text.LED_Red_On
                0x08001d30       0x18 ./Core/libraries/led/led.o
                0x08001d30                LED_Red_On
 .text.LED_Red_Off
                0x08001d48       0x18 ./Core/libraries/led/led.o
                0x08001d48                LED_Red_Off
 .text.LED_Green_On
                0x08001d60       0x18 ./Core/libraries/led/led.o
                0x08001d60                LED_Green_On
 .text.LED_Green_Off
                0x08001d78       0x18 ./Core/libraries/led/led.o
                0x08001d78                LED_Green_Off
 .text.HAL_Init
                0x08001d90       0x44 ./Drivers/STM32F4xx_HAL_Driver/Src/stm32f4xx_hal.o
                0x08001d90                HAL_Init
 .text.HAL_IncTick
                0x08001dd4       0x28 ./Drivers/STM32F4xx_HAL_Driver/Src/stm32f4xx_hal.o
                0x08001dd4                HAL_IncTick
 .text.HAL_GetTick
                0x08001dfc       0x18 ./Drivers/STM32F4xx_HAL_Driver/Src/stm32f4xx_hal.o
                0x08001dfc                HAL_GetTick
 .text.HAL_Delay
                0x08001e14       0x48 ./Drivers/STM32F4xx_HAL_Driver/Src/stm32f4xx_hal.o
                0x08001e14                HAL_Delay
 .text.HAL_ADC_Init
                0x08001e5c       0x86 ./Drivers/STM32F4xx_HAL_Driver/Src/stm32f4xx_hal_adc.o
                0x08001e5c                HAL_ADC_Init
 *fill*         0x08001ee2        0x2 
 .text.HAL_ADC_Start
                0x08001ee4      0x168 ./Drivers/STM32F4xx_HAL_Driver/Src/stm32f4xx_hal_adc.o
                0x08001ee4                HAL_ADC_Start
 .text.HAL_ADC_Stop
                0x0800204c       0x66 ./Drivers/STM32F4xx_HAL_Driver/Src/stm32f4xx_hal_adc.o
                0x0800204c                HAL_ADC_Stop
 .text.HAL_ADC_PollForConversion
                0x080020b2      0x116 ./Drivers/STM32F4xx_HAL_Driver/Src/stm32f4xx_hal_adc.o
                0x080020b2                HAL_ADC_PollForConversion
 .text.HAL_ADC_GetValue
                0x080021c8       0x1a ./Drivers/STM32F4xx_HAL_Driver/Src/stm32f4xx_hal_adc.o
                0x080021c8                HAL_ADC_GetValue
 *fill*         0x080021e2        0x2 
 .text.HAL_ADC_ConfigChannel
                0x080021e4      0x244 ./Drivers/STM32F4xx_HAL_Driver/Src/stm32f4xx_hal_adc.o
                0x080021e4                HAL_ADC_ConfigChannel
 .text.ADC_Init
                0x08002428      0x1f8 ./Drivers/STM32F4xx_HAL_Driver/Src/stm32f4xx_hal_adc.o
 .text.__NVIC_SetPriorityGrouping
                0x08002620       0x48 ./Drivers/STM32F4xx_HAL_Driver/Src/stm32f4xx_hal_cortex.o
 .text.__NVIC_GetPriorityGrouping
                0x08002668       0x1c ./Drivers/STM32F4xx_HAL_Driver/Src/stm32f4xx_hal_cortex.o
 .text.__NVIC_EnableIRQ
                0x08002684       0x3c ./Drivers/STM32F4xx_HAL_Driver/Src/stm32f4xx_hal_cortex.o
 .text.__NVIC_SetPriority
                0x080026c0       0x54 ./Drivers/STM32F4xx_HAL_Driver/Src/stm32f4xx_hal_cortex.o
 .text.NVIC_EncodePriority
                0x08002714       0x66 ./Drivers/STM32F4xx_HAL_Driver/Src/stm32f4xx_hal_cortex.o
 .text.HAL_NVIC_SetPriorityGrouping
                0x0800277a       0x16 ./Drivers/STM32F4xx_HAL_Driver/Src/stm32f4xx_hal_cortex.o
                0x0800277a                HAL_NVIC_SetPriorityGrouping
 .text.HAL_NVIC_SetPriority
                0x08002790       0x38 ./Drivers/STM32F4xx_HAL_Driver/Src/stm32f4xx_hal_cortex.o
                0x08002790                HAL_NVIC_SetPriority
 .text.HAL_NVIC_EnableIRQ
                0x080027c8       0x1c ./Drivers/STM32F4xx_HAL_Driver/Src/stm32f4xx_hal_cortex.o
                0x080027c8                HAL_NVIC_EnableIRQ
 .text.HAL_DMA_Init
                0x080027e4      0x15c ./Drivers/STM32F4xx_HAL_Driver/Src/stm32f4xx_hal_dma.o
                0x080027e4                HAL_DMA_Init
 .text.HAL_DMA_IRQHandler
                0x08002940      0x314 ./Drivers/STM32F4xx_HAL_Driver/Src/stm32f4xx_hal_dma.o
                0x08002940                HAL_DMA_IRQHandler
 .text.DMA_CalcBaseAndBitshift
                0x08002c54       0x6c ./Drivers/STM32F4xx_HAL_Driver/Src/stm32f4xx_hal_dma.o
 .text.DMA_CheckFifoParam
                0x08002cc0       0xf8 ./Drivers/STM32F4xx_HAL_Driver/Src/stm32f4xx_hal_dma.o
 .text.HAL_GPIO_Init
                0x08002db8      0x308 ./Drivers/STM32F4xx_HAL_Driver/Src/stm32f4xx_hal_gpio.o
                0x08002db8                HAL_GPIO_Init
 .text.HAL_GPIO_ReadPin
                0x080030c0       0x30 ./Drivers/STM32F4xx_HAL_Driver/Src/stm32f4xx_hal_gpio.o
                0x080030c0                HAL_GPIO_ReadPin
 .text.HAL_GPIO_WritePin
                0x080030f0       0x32 ./Drivers/STM32F4xx_HAL_Driver/Src/stm32f4xx_hal_gpio.o
                0x080030f0                HAL_GPIO_WritePin
 *fill*         0x08003122        0x2 
 .text.HAL_RCC_OscConfig
                0x08003124      0x4f0 ./Drivers/STM32F4xx_HAL_Driver/Src/stm32f4xx_hal_rcc.o
                0x08003124                HAL_RCC_OscConfig
 .text.HAL_RCC_ClockConfig
                0x08003614      0x1cc ./Drivers/STM32F4xx_HAL_Driver/Src/stm32f4xx_hal_rcc.o
                0x08003614                HAL_RCC_ClockConfig
 .text.HAL_RCC_GetSysClockFreq
                0x080037e0      0x18c ./Drivers/STM32F4xx_HAL_Driver/Src/stm32f4xx_hal_rcc.o
                0x080037e0                HAL_RCC_GetSysClockFreq
 .text.HAL_RCC_GetHCLKFreq
                0x0800396c       0x18 ./Drivers/STM32F4xx_HAL_Driver/Src/stm32f4xx_hal_rcc.o
                0x0800396c                HAL_RCC_GetHCLKFreq
 .text.HAL_RCC_GetPCLK1Freq
                0x08003984       0x28 ./Drivers/STM32F4xx_HAL_Driver/Src/stm32f4xx_hal_rcc.o
                0x08003984                HAL_RCC_GetPCLK1Freq
 .text.HAL_RCC_GetPCLK2Freq
                0x080039ac       0x28 ./Drivers/STM32F4xx_HAL_Driver/Src/stm32f4xx_hal_rcc.o
                0x080039ac                HAL_RCC_GetPCLK2Freq
 .text.HAL_RCC_GetClockConfig
                0x080039d4       0x64 ./Drivers/STM32F4xx_HAL_Driver/Src/stm32f4xx_hal_rcc.o
                0x080039d4                HAL_RCC_GetClockConfig
 .text.HAL_TIM_Base_Init
                0x08003a38       0x9e ./Drivers/STM32F4xx_HAL_Driver/Src/stm32f4xx_hal_tim.o
                0x08003a38                HAL_TIM_Base_Init
 *fill*         0x08003ad6        0x2 
 .text.HAL_TIM_Base_Start_IT
                0x08003ad8       0xc4 ./Drivers/STM32F4xx_HAL_Driver/Src/stm32f4xx_hal_tim.o
                0x08003ad8                HAL_TIM_Base_Start_IT
 .text.HAL_TIM_PWM_Init
                0x08003b9c       0x9e ./Drivers/STM32F4xx_HAL_Driver/Src/stm32f4xx_hal_tim.o
                0x08003b9c                HAL_TIM_PWM_Init
 .text.HAL_TIM_PWM_MspInit
                0x08003c3a       0x14 ./Drivers/STM32F4xx_HAL_Driver/Src/stm32f4xx_hal_tim.o
                0x08003c3a                HAL_TIM_PWM_MspInit
 *fill*         0x08003c4e        0x2 
 .text.HAL_TIM_PWM_Start
                0x08003c50      0x160 ./Drivers/STM32F4xx_HAL_Driver/Src/stm32f4xx_hal_tim.o
                0x08003c50                HAL_TIM_PWM_Start
 .text.HAL_TIM_IRQHandler
                0x08003db0      0x1e0 ./Drivers/STM32F4xx_HAL_Driver/Src/stm32f4xx_hal_tim.o
                0x08003db0                HAL_TIM_IRQHandler
 .text.HAL_TIM_PWM_ConfigChannel
                0x08003f90      0x184 ./Drivers/STM32F4xx_HAL_Driver/Src/stm32f4xx_hal_tim.o
                0x08003f90                HAL_TIM_PWM_ConfigChannel
 .text.HAL_TIM_ConfigClockSource
                0x08004114      0x18e ./Drivers/STM32F4xx_HAL_Driver/Src/stm32f4xx_hal_tim.o
                0x08004114                HAL_TIM_ConfigClockSource
 .text.HAL_TIM_OC_DelayElapsedCallback
                0x080042a2       0x14 ./Drivers/STM32F4xx_HAL_Driver/Src/stm32f4xx_hal_tim.o
                0x080042a2                HAL_TIM_OC_DelayElapsedCallback
 .text.HAL_TIM_IC_CaptureCallback
                0x080042b6       0x14 ./Drivers/STM32F4xx_HAL_Driver/Src/stm32f4xx_hal_tim.o
                0x080042b6                HAL_TIM_IC_CaptureCallback
 .text.HAL_TIM_PWM_PulseFinishedCallback
                0x080042ca       0x14 ./Drivers/STM32F4xx_HAL_Driver/Src/stm32f4xx_hal_tim.o
                0x080042ca                HAL_TIM_PWM_PulseFinishedCallback
 .text.HAL_TIM_TriggerCallback
                0x080042de       0x14 ./Drivers/STM32F4xx_HAL_Driver/Src/stm32f4xx_hal_tim.o
                0x080042de                HAL_TIM_TriggerCallback
 *fill*         0x080042f2        0x2 
 .text.TIM_Base_SetConfig
                0x080042f4      0x10c ./Drivers/STM32F4xx_HAL_Driver/Src/stm32f4xx_hal_tim.o
                0x080042f4                TIM_Base_SetConfig
 .text.TIM_OC1_SetConfig
                0x08004400       0xcc ./Drivers/STM32F4xx_HAL_Driver/Src/stm32f4xx_hal_tim.o
 .text.TIM_OC2_SetConfig
                0x080044cc       0xd8 ./Drivers/STM32F4xx_HAL_Driver/Src/stm32f4xx_hal_tim.o
                0x080044cc                TIM_OC2_SetConfig
 .text.TIM_OC3_SetConfig
                0x080045a4       0xd4 ./Drivers/STM32F4xx_HAL_Driver/Src/stm32f4xx_hal_tim.o
 .text.TIM_OC4_SetConfig
                0x08004678       0xa0 ./Drivers/STM32F4xx_HAL_Driver/Src/stm32f4xx_hal_tim.o
 .text.TIM_TI1_ConfigInputStage
                0x08004718       0x5e ./Drivers/STM32F4xx_HAL_Driver/Src/stm32f4xx_hal_tim.o
 .text.TIM_TI2_ConfigInputStage
                0x08004776       0x60 ./Drivers/STM32F4xx_HAL_Driver/Src/stm32f4xx_hal_tim.o
 .text.TIM_ITRx_SetConfig
                0x080047d6       0x36 ./Drivers/STM32F4xx_HAL_Driver/Src/stm32f4xx_hal_tim.o
 .text.TIM_ETR_SetConfig
                0x0800480c       0x40 ./Drivers/STM32F4xx_HAL_Driver/Src/stm32f4xx_hal_tim.o
                0x0800480c                TIM_ETR_SetConfig
 .text.TIM_CCxChannelCmd
                0x0800484c       0x4a ./Drivers/STM32F4xx_HAL_Driver/Src/stm32f4xx_hal_tim.o
                0x0800484c                TIM_CCxChannelCmd
 *fill*         0x08004896        0x2 
 .text.HAL_TIMEx_MasterConfigSynchronization
                0x08004898       0xdc ./Drivers/STM32F4xx_HAL_Driver/Src/stm32f4xx_hal_tim_ex.o
                0x08004898                HAL_TIMEx_MasterConfigSynchronization
 .text.HAL_TIMEx_CommutCallback
                0x08004974       0x14 ./Drivers/STM32F4xx_HAL_Driver/Src/stm32f4xx_hal_tim_ex.o
                0x08004974                HAL_TIMEx_CommutCallback
 .text.HAL_TIMEx_BreakCallback
                0x08004988       0x14 ./Drivers/STM32F4xx_HAL_Driver/Src/stm32f4xx_hal_tim_ex.o
                0x08004988                HAL_TIMEx_BreakCallback
 .text.HAL_UART_Init
                0x0800499c       0xa0 ./Drivers/STM32F4xx_HAL_Driver/Src/stm32f4xx_hal_uart.o
                0x0800499c                HAL_UART_Init
 .text.HAL_UART_Transmit
                0x08004a3c      0x116 ./Drivers/STM32F4xx_HAL_Driver/Src/stm32f4xx_hal_uart.o
                0x08004a3c                HAL_UART_Transmit
 .text.UART_WaitOnFlagUntilTimeout
                0x08004b52       0xb2 ./Drivers/STM32F4xx_HAL_Driver/Src/stm32f4xx_hal_uart.o
 .text.UART_EndRxTransfer
                0x08004c04       0xc6 ./Drivers/STM32F4xx_HAL_Driver/Src/stm32f4xx_hal_uart.o
 *fill*         0x08004cca        0x2 
 .text.UART_SetConfig
                0x08004ccc      0x4e8 ./Drivers/STM32F4xx_HAL_Driver/Src/stm32f4xx_hal_uart.o
 .text.__NVIC_SetPriority
                0x080051b4       0x54 ./Middlewares/Third_Party/FreeRTOS/Source/CMSIS_RTOS_V2/cmsis_os2.o
 .text.SysTick_Handler
                0x08005208       0x20 ./Middlewares/Third_Party/FreeRTOS/Source/CMSIS_RTOS_V2/cmsis_os2.o
                0x08005208                SysTick_Handler
 .text.SVC_Setup
                0x08005228       0x12 ./Middlewares/Third_Party/FreeRTOS/Source/CMSIS_RTOS_V2/cmsis_os2.o
 *fill*         0x0800523a        0x2 
 .text.osKernelInitialize
                0x0800523c       0x48 ./Middlewares/Third_Party/FreeRTOS/Source/CMSIS_RTOS_V2/cmsis_os2.o
                0x0800523c                osKernelInitialize
 .text.osKernelStart
                0x08005284       0x4c ./Middlewares/Third_Party/FreeRTOS/Source/CMSIS_RTOS_V2/cmsis_os2.o
                0x08005284                osKernelStart
 .text.osKernelGetTickCount
                0x080052d0       0x2a ./Middlewares/Third_Party/FreeRTOS/Source/CMSIS_RTOS_V2/cmsis_os2.o
                0x080052d0                osKernelGetTickCount
 .text.osThreadNew
                0x080052fa      0x124 ./Middlewares/Third_Party/FreeRTOS/Source/CMSIS_RTOS_V2/cmsis_os2.o
                0x080052fa                osThreadNew
 .text.osDelay  0x0800541e       0x36 ./Middlewares/Third_Party/FreeRTOS/Source/CMSIS_RTOS_V2/cmsis_os2.o
                0x0800541e                osDelay
 .text.vApplicationGetIdleTaskMemory
                0x08005454       0x34 ./Middlewares/Third_Party/FreeRTOS/Source/CMSIS_RTOS_V2/cmsis_os2.o
                0x08005454                vApplicationGetIdleTaskMemory
 .text.vApplicationGetTimerTaskMemory
                0x08005488       0x34 ./Middlewares/Third_Party/FreeRTOS/Source/CMSIS_RTOS_V2/cmsis_os2.o
                0x08005488                vApplicationGetTimerTaskMemory
 .text.vListInitialise
                0x080054bc       0x40 ./Middlewares/Third_Party/FreeRTOS/Source/list.o
                0x080054bc                vListInitialise
 .text.vListInitialiseItem
                0x080054fc       0x1a ./Middlewares/Third_Party/FreeRTOS/Source/list.o
                0x080054fc                vListInitialiseItem
 .text.vListInsertEnd
                0x08005516       0x48 ./Middlewares/Third_Party/FreeRTOS/Source/list.o
                0x08005516                vListInsertEnd
 .text.vListInsert
                0x0800555e       0x72 ./Middlewares/Third_Party/FreeRTOS/Source/list.o
                0x0800555e                vListInsert
 .text.uxListRemove
                0x080055d0       0x54 ./Middlewares/Third_Party/FreeRTOS/Source/list.o
                0x080055d0                uxListRemove
 .text.xQueueGenericReset
                0x08005624       0xd4 ./Middlewares/Third_Party/FreeRTOS/Source/queue.o
                0x08005624                xQueueGenericReset
 .text.xQueueGenericCreateStatic
                0x080056f8       0xfa ./Middlewares/Third_Party/FreeRTOS/Source/queue.o
                0x080056f8                xQueueGenericCreateStatic
 .text.prvInitialiseNewQueue
                0x080057f2       0x46 ./Middlewares/Third_Party/FreeRTOS/Source/queue.o
 .text.xQueueGenericSend
                0x08005838      0x204 ./Middlewares/Third_Party/FreeRTOS/Source/queue.o
                0x08005838                xQueueGenericSend
 .text.xQueueGenericSendFromISR
                0x08005a3c      0x13c ./Middlewares/Third_Party/FreeRTOS/Source/queue.o
                0x08005a3c                xQueueGenericSendFromISR
 .text.xQueueReceive
                0x08005b78      0x1c4 ./Middlewares/Third_Party/FreeRTOS/Source/queue.o
                0x08005b78                xQueueReceive
 .text.prvCopyDataToQueue
                0x08005d3c       0xd4 ./Middlewares/Third_Party/FreeRTOS/Source/queue.o
 .text.prvCopyDataFromQueue
                0x08005e10       0x4c ./Middlewares/Third_Party/FreeRTOS/Source/queue.o
 .text.prvUnlockQueue
                0x08005e5c       0xa4 ./Middlewares/Third_Party/FreeRTOS/Source/queue.o
 .text.prvIsQueueEmpty
                0x08005f00       0x2c ./Middlewares/Third_Party/FreeRTOS/Source/queue.o
 .text.prvIsQueueFull
                0x08005f2c       0x30 ./Middlewares/Third_Party/FreeRTOS/Source/queue.o
 .text.vQueueAddToRegistry
                0x08005f5c       0x54 ./Middlewares/Third_Party/FreeRTOS/Source/queue.o
                0x08005f5c                vQueueAddToRegistry
 .text.vQueueWaitForMessageRestricted
                0x08005fb0       0x68 ./Middlewares/Third_Party/FreeRTOS/Source/queue.o
                0x08005fb0                vQueueWaitForMessageRestricted
 .text.xTaskCreateStatic
                0x08006018       0xc0 ./Middlewares/Third_Party/FreeRTOS/Source/tasks.o
                0x08006018                xTaskCreateStatic
 .text.xTaskCreate
                0x080060d8       0x8a ./Middlewares/Third_Party/FreeRTOS/Source/tasks.o
                0x080060d8                xTaskCreate
 .text.prvInitialiseNewTask
                0x08006162      0x120 ./Middlewares/Third_Party/FreeRTOS/Source/tasks.o
 *fill*         0x08006282        0x2 
 .text.prvAddNewTaskToReadyList
                0x08006284       0xe0 ./Middlewares/Third_Party/FreeRTOS/Source/tasks.o
 .text.vTaskDelay
                0x08006364       0x6c ./Middlewares/Third_Party/FreeRTOS/Source/tasks.o
                0x08006364                vTaskDelay
 .text.vTaskStartScheduler
                0x080063d0       0xd0 ./Middlewares/Third_Party/FreeRTOS/Source/tasks.o
                0x080063d0                vTaskStartScheduler
 .text.vTaskSuspendAll
                0x080064a0       0x1c ./Middlewares/Third_Party/FreeRTOS/Source/tasks.o
                0x080064a0                vTaskSuspendAll
 .text.xTaskResumeAll
                0x080064bc      0x13c ./Middlewares/Third_Party/FreeRTOS/Source/tasks.o
                0x080064bc                xTaskResumeAll
 .text.xTaskGetTickCount
                0x080065f8       0x20 ./Middlewares/Third_Party/FreeRTOS/Source/tasks.o
                0x080065f8                xTaskGetTickCount
 .text.xTaskGetTickCountFromISR
                0x08006618       0x24 ./Middlewares/Third_Party/FreeRTOS/Source/tasks.o
                0x08006618                xTaskGetTickCountFromISR
 .text.xTaskIncrementTick
                0x0800663c      0x174 ./Middlewares/Third_Party/FreeRTOS/Source/tasks.o
                0x0800663c                xTaskIncrementTick
 .text.vTaskSwitchContext
                0x080067b0       0xbc ./Middlewares/Third_Party/FreeRTOS/Source/tasks.o
                0x080067b0                vTaskSwitchContext
 .text.vTaskPlaceOnEventList
                0x0800686c       0x4c ./Middlewares/Third_Party/FreeRTOS/Source/tasks.o
                0x0800686c                vTaskPlaceOnEventList
 .text.vTaskPlaceOnEventListRestricted
                0x080068b8       0x58 ./Middlewares/Third_Party/FreeRTOS/Source/tasks.o
                0x080068b8                vTaskPlaceOnEventListRestricted
 .text.xTaskRemoveFromEventList
                0x08006910       0xc8 ./Middlewares/Third_Party/FreeRTOS/Source/tasks.o
                0x08006910                xTaskRemoveFromEventList
 .text.vTaskInternalSetTimeOutState
                0x080069d8       0x2c ./Middlewares/Third_Party/FreeRTOS/Source/tasks.o
                0x080069d8                vTaskInternalSetTimeOutState
 .text.xTaskCheckForTimeOut
                0x08006a04       0xc8 ./Middlewares/Third_Party/FreeRTOS/Source/tasks.o
                0x08006a04                xTaskCheckForTimeOut
 .text.vTaskMissedYield
                0x08006acc       0x18 ./Middlewares/Third_Party/FreeRTOS/Source/tasks.o
                0x08006acc                vTaskMissedYield
 .text.prvIdleTask
                0x08006ae4       0x30 ./Middlewares/Third_Party/FreeRTOS/Source/tasks.o
 .text.prvInitialiseTaskLists
                0x08006b14       0x80 ./Middlewares/Third_Party/FreeRTOS/Source/tasks.o
 .text.prvCheckTasksWaitingTermination
                0x08006b94       0x5c ./Middlewares/Third_Party/FreeRTOS/Source/tasks.o
 .text.prvDeleteTCB
                0x08006bf0       0x60 ./Middlewares/Third_Party/FreeRTOS/Source/tasks.o
 .text.prvResetNextTaskUnblockTime
                0x08006c50       0x40 ./Middlewares/Third_Party/FreeRTOS/Source/tasks.o
 .text.xTaskGetSchedulerState
                0x08006c90       0x3c ./Middlewares/Third_Party/FreeRTOS/Source/tasks.o
                0x08006c90                xTaskGetSchedulerState
 .text.xTaskPriorityDisinherit
                0x08006ccc       0xe0 ./Middlewares/Third_Party/FreeRTOS/Source/tasks.o
                0x08006ccc                xTaskPriorityDisinherit
 .text.prvAddCurrentTaskToDelayedList
                0x08006dac       0xa8 ./Middlewares/Third_Party/FreeRTOS/Source/tasks.o
 .text.xTimerCreateTimerTask
                0x08006e54       0x94 ./Middlewares/Third_Party/FreeRTOS/Source/timers.o
                0x08006e54                xTimerCreateTimerTask
 .text.xTimerGenericCommand
                0x08006ee8       0x9c ./Middlewares/Third_Party/FreeRTOS/Source/timers.o
                0x08006ee8                xTimerGenericCommand
 .text.prvProcessExpiredTimer
                0x08006f84       0x9c ./Middlewares/Third_Party/FreeRTOS/Source/timers.o
 .text.prvTimerTask
                0x08007020       0x26 ./Middlewares/Third_Party/FreeRTOS/Source/timers.o
 *fill*         0x08007046        0x2 
 .text.prvProcessTimerOrBlockTask
                0x08007048       0x9c ./Middlewares/Third_Party/FreeRTOS/Source/timers.o
 .text.prvGetNextExpireTime
                0x080070e4       0x48 ./Middlewares/Third_Party/FreeRTOS/Source/timers.o
 .text.prvSampleTimeNow
                0x0800712c       0x40 ./Middlewares/Third_Party/FreeRTOS/Source/timers.o
 .text.prvInsertTimerInActiveList
                0x0800716c       0x84 ./Middlewares/Third_Party/FreeRTOS/Source/timers.o
 .text.prvProcessReceivedCommands
                0x080071f0      0x1cc ./Middlewares/Third_Party/FreeRTOS/Source/timers.o
 .text.prvSwitchTimerLists
                0x080073bc       0xcc ./Middlewares/Third_Party/FreeRTOS/Source/timers.o
 .text.prvCheckForValidListAndQueue
                0x08007488       0x80 ./Middlewares/Third_Party/FreeRTOS/Source/timers.o
 .text.pxPortInitialiseStack
                0x08007508       0x68 ./Middlewares/Third_Party/FreeRTOS/Source/portable/GCC/ARM_CM4F/port.o
                0x08007508                pxPortInitialiseStack
 .text.prvTaskExitError
                0x08007570       0x5c ./Middlewares/Third_Party/FreeRTOS/Source/portable/GCC/ARM_CM4F/port.o
 *fill*         0x080075cc        0x4 
 .text.SVC_Handler
                0x080075d0       0x28 ./Middlewares/Third_Party/FreeRTOS/Source/portable/GCC/ARM_CM4F/port.o
                0x080075d0                SVC_Handler
 .text.prvPortStartFirstTask
                0x080075f8       0x28 ./Middlewares/Third_Party/FreeRTOS/Source/portable/GCC/ARM_CM4F/port.o
 .text.xPortStartScheduler
                0x08007620      0x148 ./Middlewares/Third_Party/FreeRTOS/Source/portable/GCC/ARM_CM4F/port.o
                0x08007620                xPortStartScheduler
 .text.vPortEnterCritical
                0x08007768       0x64 ./Middlewares/Third_Party/FreeRTOS/Source/portable/GCC/ARM_CM4F/port.o
                0x08007768                vPortEnterCritical
 .text.vPortExitCritical
                0x080077cc       0x54 ./Middlewares/Third_Party/FreeRTOS/Source/portable/GCC/ARM_CM4F/port.o
                0x080077cc                vPortExitCritical
 .text.PendSV_Handler
                0x08007820       0x68 ./Middlewares/Third_Party/FreeRTOS/Source/portable/GCC/ARM_CM4F/port.o
                0x08007820                PendSV_Handler
 .text.xPortSysTickHandler
                0x08007888       0x44 ./Middlewares/Third_Party/FreeRTOS/Source/portable/GCC/ARM_CM4F/port.o
                0x08007888                xPortSysTickHandler
 .text.vPortSetupTimerInterrupt
                0x080078cc       0x48 ./Middlewares/Third_Party/FreeRTOS/Source/portable/GCC/ARM_CM4F/port.o
                0x080078cc                vPortSetupTimerInterrupt
 .text.vPortEnableVFP
                0x08007914       0x14 ./Middlewares/Third_Party/FreeRTOS/Source/portable/GCC/ARM_CM4F/port.o
 .text.vPortValidateInterruptPriority
                0x08007928       0x84 ./Middlewares/Third_Party/FreeRTOS/Source/portable/GCC/ARM_CM4F/port.o
                0x08007928                vPortValidateInterruptPriority
 .text.pvPortMalloc
                0x080079ac      0x19c ./Middlewares/Third_Party/FreeRTOS/Source/portable/MemMang/heap_4.o
                0x080079ac                pvPortMalloc
 .text.vPortFree
                0x08007b48       0xc8 ./Middlewares/Third_Party/FreeRTOS/Source/portable/MemMang/heap_4.o
                0x08007b48                vPortFree
 .text.prvHeapInit
                0x08007c10       0xc4 ./Middlewares/Third_Party/FreeRTOS/Source/portable/MemMang/heap_4.o
 .text.prvInsertBlockIntoFreeList
                0x08007cd4       0xb4 ./Middlewares/Third_Party/FreeRTOS/Source/portable/MemMang/heap_4.o
 .text.snprintf
                0x08007d88       0x6c F:/App/STM32CubeIDE/setup/STM32CubeIDE_1.19.0/STM32CubeIDE/plugins/com.st.stm32cube.ide.mcu.externaltools.gnu-tools-for-stm32.13.3.rel1.win32_1.0.0.202411081344/tools/bin/../lib/gcc/arm-none-eabi/13.3.1/../../../../arm-none-eabi/lib/thumb/v7e-m+fp/hard\libc_nano.a(libc_a-snprintf.o)
                0x08007d88                sniprintf
                0x08007d88                snprintf
 .text.memset   0x08007df4       0x10 F:/App/STM32CubeIDE/setup/STM32CubeIDE_1.19.0/STM32CubeIDE/plugins/com.st.stm32cube.ide.mcu.externaltools.gnu-tools-for-stm32.13.3.rel1.win32_1.0.0.202411081344/tools/bin/../lib/gcc/arm-none-eabi/13.3.1/../../../../arm-none-eabi/lib/thumb/v7e-m+fp/hard\libc_nano.a(libc_a-memset.o)
                0x08007df4                memset
 .text.__errno  0x08007e04        0xc F:/App/STM32CubeIDE/setup/STM32CubeIDE_1.19.0/STM32CubeIDE/plugins/com.st.stm32cube.ide.mcu.externaltools.gnu-tools-for-stm32.13.3.rel1.win32_1.0.0.202411081344/tools/bin/../lib/gcc/arm-none-eabi/13.3.1/../../../../arm-none-eabi/lib/thumb/v7e-m+fp/hard\libc_nano.a(libc_a-errno.o)
                0x08007e04                __errno
 .text.__libc_init_array
                0x08007e10       0x48 F:/App/STM32CubeIDE/setup/STM32CubeIDE_1.19.0/STM32CubeIDE/plugins/com.st.stm32cube.ide.mcu.externaltools.gnu-tools-for-stm32.13.3.rel1.win32_1.0.0.202411081344/tools/bin/../lib/gcc/arm-none-eabi/13.3.1/../../../../arm-none-eabi/lib/thumb/v7e-m+fp/hard\libc_nano.a(libc_a-init.o)
                0x08007e10                __libc_init_array
 .text.__retarget_lock_acquire_recursive
                0x08007e58        0x2 F:/App/STM32CubeIDE/setup/STM32CubeIDE_1.19.0/STM32CubeIDE/plugins/com.st.stm32cube.ide.mcu.externaltools.gnu-tools-for-stm32.13.3.rel1.win32_1.0.0.202411081344/tools/bin/../lib/gcc/arm-none-eabi/13.3.1/../../../../arm-none-eabi/lib/thumb/v7e-m+fp/hard\libc_nano.a(libc_a-lock.o)
                0x08007e58                __retarget_lock_acquire_recursive
 .text.__retarget_lock_release_recursive
                0x08007e5a        0x2 F:/App/STM32CubeIDE/setup/STM32CubeIDE_1.19.0/STM32CubeIDE/plugins/com.st.stm32cube.ide.mcu.externaltools.gnu-tools-for-stm32.13.3.rel1.win32_1.0.0.202411081344/tools/bin/../lib/gcc/arm-none-eabi/13.3.1/../../../../arm-none-eabi/lib/thumb/v7e-m+fp/hard\libc_nano.a(libc_a-lock.o)
                0x08007e5a                __retarget_lock_release_recursive
 .text.memcpy   0x08007e5c       0x1c F:/App/STM32CubeIDE/setup/STM32CubeIDE_1.19.0/STM32CubeIDE/plugins/com.st.stm32cube.ide.mcu.externaltools.gnu-tools-for-stm32.13.3.rel1.win32_1.0.0.202411081344/tools/bin/../lib/gcc/arm-none-eabi/13.3.1/../../../../arm-none-eabi/lib/thumb/v7e-m+fp/hard\libc_nano.a(libc_a-memcpy-stub.o)
                0x08007e5c                memcpy
 .text._free_r  0x08007e78       0x94 F:/App/STM32CubeIDE/setup/STM32CubeIDE_1.19.0/STM32CubeIDE/plugins/com.st.stm32cube.ide.mcu.externaltools.gnu-tools-for-stm32.13.3.rel1.win32_1.0.0.202411081344/tools/bin/../lib/gcc/arm-none-eabi/13.3.1/../../../../arm-none-eabi/lib/thumb/v7e-m+fp/hard\libc_nano.a(libc_a-freer.o)
                0x08007e78                _free_r
 .text.sbrk_aligned
                0x08007f0c       0x44 F:/App/STM32CubeIDE/setup/STM32CubeIDE_1.19.0/STM32CubeIDE/plugins/com.st.stm32cube.ide.mcu.externaltools.gnu-tools-for-stm32.13.3.rel1.win32_1.0.0.202411081344/tools/bin/../lib/gcc/arm-none-eabi/13.3.1/../../../../arm-none-eabi/lib/thumb/v7e-m+fp/hard\libc_nano.a(libc_a-mallocr.o)
 .text._malloc_r
                0x08007f50      0x100 F:/App/STM32CubeIDE/setup/STM32CubeIDE_1.19.0/STM32CubeIDE/plugins/com.st.stm32cube.ide.mcu.externaltools.gnu-tools-for-stm32.13.3.rel1.win32_1.0.0.202411081344/tools/bin/../lib/gcc/arm-none-eabi/13.3.1/../../../../arm-none-eabi/lib/thumb/v7e-m+fp/hard\libc_nano.a(libc_a-mallocr.o)
                0x08007f50                _malloc_r
 .text.__malloc_lock
                0x08008050        0xc F:/App/STM32CubeIDE/setup/STM32CubeIDE_1.19.0/STM32CubeIDE/plugins/com.st.stm32cube.ide.mcu.externaltools.gnu-tools-for-stm32.13.3.rel1.win32_1.0.0.202411081344/tools/bin/../lib/gcc/arm-none-eabi/13.3.1/../../../../arm-none-eabi/lib/thumb/v7e-m+fp/hard\libc_nano.a(libc_a-mlock.o)
                0x08008050                __malloc_lock
 .text.__malloc_unlock
                0x0800805c        0xc F:/App/STM32CubeIDE/setup/STM32CubeIDE_1.19.0/STM32CubeIDE/plugins/com.st.stm32cube.ide.mcu.externaltools.gnu-tools-for-stm32.13.3.rel1.win32_1.0.0.202411081344/tools/bin/../lib/gcc/arm-none-eabi/13.3.1/../../../../arm-none-eabi/lib/thumb/v7e-m+fp/hard\libc_nano.a(libc_a-mlock.o)
                0x0800805c                __malloc_unlock
 .text.__ssputs_r
                0x08008068       0xb6 F:/App/STM32CubeIDE/setup/STM32CubeIDE_1.19.0/STM32CubeIDE/plugins/com.st.stm32cube.ide.mcu.externaltools.gnu-tools-for-stm32.13.3.rel1.win32_1.0.0.202411081344/tools/bin/../lib/gcc/arm-none-eabi/13.3.1/../../../../arm-none-eabi/lib/thumb/v7e-m+fp/hard\libc_nano.a(libc_a-nano-svfprintf.o)
                0x08008068                __ssputs_r
 *fill*         0x0800811e        0x2 
 .text._svfprintf_r
                0x08008120      0x1f8 F:/App/STM32CubeIDE/setup/STM32CubeIDE_1.19.0/STM32CubeIDE/plugins/com.st.stm32cube.ide.mcu.externaltools.gnu-tools-for-stm32.13.3.rel1.win32_1.0.0.202411081344/tools/bin/../lib/gcc/arm-none-eabi/13.3.1/../../../../arm-none-eabi/lib/thumb/v7e-m+fp/hard\libc_nano.a(libc_a-nano-svfprintf.o)
                0x08008120                _svfiprintf_r
                0x08008120                _svfprintf_r
 .text._printf_common
                0x08008318       0xda F:/App/STM32CubeIDE/setup/STM32CubeIDE_1.19.0/STM32CubeIDE/plugins/com.st.stm32cube.ide.mcu.externaltools.gnu-tools-for-stm32.13.3.rel1.win32_1.0.0.202411081344/tools/bin/../lib/gcc/arm-none-eabi/13.3.1/../../../../arm-none-eabi/lib/thumb/v7e-m+fp/hard\libc_nano.a(libc_a-nano-vfprintf_i.o)
                0x08008318                _printf_common
 *fill*         0x080083f2        0x2 
 .text._printf_i
                0x080083f4      0x23c F:/App/STM32CubeIDE/setup/STM32CubeIDE_1.19.0/STM32CubeIDE/plugins/com.st.stm32cube.ide.mcu.externaltools.gnu-tools-for-stm32.13.3.rel1.win32_1.0.0.202411081344/tools/bin/../lib/gcc/arm-none-eabi/13.3.1/../../../../arm-none-eabi/lib/thumb/v7e-m+fp/hard\libc_nano.a(libc_a-nano-vfprintf_i.o)
                0x080083f4                _printf_i
 .text.memmove  0x08008630       0x34 F:/App/STM32CubeIDE/setup/STM32CubeIDE_1.19.0/STM32CubeIDE/plugins/com.st.stm32cube.ide.mcu.externaltools.gnu-tools-for-stm32.13.3.rel1.win32_1.0.0.202411081344/tools/bin/../lib/gcc/arm-none-eabi/13.3.1/../../../../arm-none-eabi/lib/thumb/v7e-m+fp/hard\libc_nano.a(libc_a-memmove.o)
                0x08008630                memmove
 .text._sbrk_r  0x08008664       0x20 F:/App/STM32CubeIDE/setup/STM32CubeIDE_1.19.0/STM32CubeIDE/plugins/com.st.stm32cube.ide.mcu.externaltools.gnu-tools-for-stm32.13.3.rel1.win32_1.0.0.202411081344/tools/bin/../lib/gcc/arm-none-eabi/13.3.1/../../../../arm-none-eabi/lib/thumb/v7e-m+fp/hard\libc_nano.a(libc_a-sbrkr.o)
                0x08008664                _sbrk_r
 .text._realloc_r
                0x08008684       0x5c F:/App/STM32CubeIDE/setup/STM32CubeIDE_1.19.0/STM32CubeIDE/plugins/com.st.stm32cube.ide.mcu.externaltools.gnu-tools-for-stm32.13.3.rel1.win32_1.0.0.202411081344/tools/bin/../lib/gcc/arm-none-eabi/13.3.1/../../../../arm-none-eabi/lib/thumb/v7e-m+fp/hard\libc_nano.a(libc_a-reallocr.o)
                0x08008684                _realloc_r
 .text._malloc_usable_size_r
                0x080086e0       0x10 F:/App/STM32CubeIDE/setup/STM32CubeIDE_1.19.0/STM32CubeIDE/plugins/com.st.stm32cube.ide.mcu.externaltools.gnu-tools-for-stm32.13.3.rel1.win32_1.0.0.202411081344/tools/bin/../lib/gcc/arm-none-eabi/13.3.1/../../../../arm-none-eabi/lib/thumb/v7e-m+fp/hard\libc_nano.a(libc_a-msizer.o)
                0x080086e0                _malloc_usable_size_r
 *(.glue_7)
 .glue_7        0x080086f0        0x0 linker stubs
 *(.glue_7t)
 .glue_7t       0x080086f0        0x0 linker stubs
 *(.eh_frame)
 .eh_frame      0x080086f0        0x0 F:/App/STM32CubeIDE/setup/STM32CubeIDE_1.19.0/STM32CubeIDE/plugins/com.st.stm32cube.ide.mcu.externaltools.gnu-tools-for-stm32.13.3.rel1.win32_1.0.0.202411081344/tools/bin/../lib/gcc/arm-none-eabi/13.3.1/thumb/v7e-m+fp/hard/crtbegin.o
 *(.init)
 .init          0x080086f0        0x4 F:/App/STM32CubeIDE/setup/STM32CubeIDE_1.19.0/STM32CubeIDE/plugins/com.st.stm32cube.ide.mcu.externaltools.gnu-tools-for-stm32.13.3.rel1.win32_1.0.0.202411081344/tools/bin/../lib/gcc/arm-none-eabi/13.3.1/thumb/v7e-m+fp/hard/crti.o
                0x080086f0                _init
 .init          0x080086f4        0x8 F:/App/STM32CubeIDE/setup/STM32CubeIDE_1.19.0/STM32CubeIDE/plugins/com.st.stm32cube.ide.mcu.externaltools.gnu-tools-for-stm32.13.3.rel1.win32_1.0.0.202411081344/tools/bin/../lib/gcc/arm-none-eabi/13.3.1/thumb/v7e-m+fp/hard/crtn.o
 *(.fini)
 .fini          0x080086fc        0x4 F:/App/STM32CubeIDE/setup/STM32CubeIDE_1.19.0/STM32CubeIDE/plugins/com.st.stm32cube.ide.mcu.externaltools.gnu-tools-for-stm32.13.3.rel1.win32_1.0.0.202411081344/tools/bin/../lib/gcc/arm-none-eabi/13.3.1/thumb/v7e-m+fp/hard/crti.o
                0x080086fc                _fini
 .fini          0x08008700        0x8 F:/App/STM32CubeIDE/setup/STM32CubeIDE_1.19.0/STM32CubeIDE/plugins/com.st.stm32cube.ide.mcu.externaltools.gnu-tools-for-stm32.13.3.rel1.win32_1.0.0.202411081344/tools/bin/../lib/gcc/arm-none-eabi/13.3.1/thumb/v7e-m+fp/hard/crtn.o
                0x08008708                        . = ALIGN (0x4)
                0x08008708                        _etext = .

.vfp11_veneer   0x08008708        0x0
 .vfp11_veneer  0x08008708        0x0 linker stubs

.v4_bx          0x08008708        0x0
 .v4_bx         0x08008708        0x0 linker stubs

.iplt           0x08008708        0x0
 .iplt          0x08008708        0x0 F:/App/STM32CubeIDE/setup/STM32CubeIDE_1.19.0/STM32CubeIDE/plugins/com.st.stm32cube.ide.mcu.externaltools.gnu-tools-for-stm32.13.3.rel1.win32_1.0.0.202411081344/tools/bin/../lib/gcc/arm-none-eabi/13.3.1/thumb/v7e-m+fp/hard/crtbegin.o

.rodata         0x08008708      0x23c
                0x08008708                        . = ALIGN (0x4)
 *(.rodata)
 .rodata        0x08008708        0xc ./Core/Src/main.o
 .rodata        0x08008714      0x132 ./Core/libraries/chuongtrinhchinh/chuongtrinhchinh.o
 *fill*         0x08008846        0x2 
 .rodata        0x08008848        0x5 ./Middlewares/Third_Party/FreeRTOS/Source/tasks.o
 *fill*         0x0800884d        0x3 
 .rodata        0x08008850        0xd ./Middlewares/Third_Party/FreeRTOS/Source/timers.o
 *(.rodata*)
 *fill*         0x0800885d        0x3 
 .rodata.defaultTask_attributes
                0x08008860       0x24 ./Core/Src/main.o
                0x08008860                defaultTask_attributes
 .rodata.AHBPrescTable
                0x08008884       0x10 ./Core/Src/system_stm32f4xx.o
                0x08008884                AHBPrescTable
 .rodata.APBPrescTable
                0x08008894        0x8 ./Core/Src/system_stm32f4xx.o
                0x08008894                APBPrescTable
 .rodata.SensorTask_attributes
                0x0800889c       0x24 ./Core/libraries/chuongtrinhchinh/chuongtrinhchinh.o
                0x0800889c                SensorTask_attributes
 .rodata.ControlTask_attributes
                0x080088c0       0x24 ./Core/libraries/chuongtrinhchinh/chuongtrinhchinh.o
                0x080088c0                ControlTask_attributes
 .rodata.UartTask_attributes
                0x080088e4       0x24 ./Core/libraries/chuongtrinhchinh/chuongtrinhchinh.o
                0x080088e4                UartTask_attributes
 .rodata.flagBitshiftOffset.0
                0x08008908        0x8 ./Drivers/STM32F4xx_HAL_Driver/Src/stm32f4xx_hal_dma.o
 .rodata._svfprintf_r.str1.1
                0x08008910       0x33 F:/App/STM32CubeIDE/setup/STM32CubeIDE_1.19.0/STM32CubeIDE/plugins/com.st.stm32cube.ide.mcu.externaltools.gnu-tools-for-stm32.13.3.rel1.win32_1.0.0.202411081344/tools/bin/../lib/gcc/arm-none-eabi/13.3.1/../../../../arm-none-eabi/lib/thumb/v7e-m+fp/hard\libc_nano.a(libc_a-nano-svfprintf.o)
                                 0x11 (size before relaxing)
 .rodata._printf_i.str1.1
                0x08008943       0x22 F:/App/STM32CubeIDE/setup/STM32CubeIDE_1.19.0/STM32CubeIDE/plugins/com.st.stm32cube.ide.mcu.externaltools.gnu-tools-for-stm32.13.3.rel1.win32_1.0.0.202411081344/tools/bin/../lib/gcc/arm-none-eabi/13.3.1/../../../../arm-none-eabi/lib/thumb/v7e-m+fp/hard\libc_nano.a(libc_a-nano-vfprintf_i.o)
                0x08008968                        . = ALIGN (0x4)
 *fill*         0x08008943        0x1 

.ARM.extab      0x08008944        0x0
                0x08008944                        . = ALIGN (0x4)
 *(.ARM.extab* .gnu.linkonce.armextab.*)
                0x08008944                        . = ALIGN (0x4)

.ARM            0x08008944        0x8
                0x08008944                        . = ALIGN (0x4)
                0x08008944                        __exidx_start = .
 *(.ARM.exidx*)
 .ARM.exidx     0x08008944        0x8 F:/App/STM32CubeIDE/setup/STM32CubeIDE_1.19.0/STM32CubeIDE/plugins/com.st.stm32cube.ide.mcu.externaltools.gnu-tools-for-stm32.13.3.rel1.win32_1.0.0.202411081344/tools/bin/../lib/gcc/arm-none-eabi/13.3.1/../../../../arm-none-eabi/lib/thumb/v7e-m+fp/hard\libc_nano.a(libc_a-strlen.o)
 .ARM.exidx     0x0800894c        0x0 F:/App/STM32CubeIDE/setup/STM32CubeIDE_1.19.0/STM32CubeIDE/plugins/com.st.stm32cube.ide.mcu.externaltools.gnu-tools-for-stm32.13.3.rel1.win32_1.0.0.202411081344/tools/bin/../lib/gcc/arm-none-eabi/13.3.1/../../../../arm-none-eabi/lib/thumb/v7e-m+fp/hard\libc_nano.a(libc_a-memchr.o)
                                  0x8 (size before relaxing)
 .ARM.exidx     0x0800894c        0x0 F:/App/STM32CubeIDE/setup/STM32CubeIDE_1.19.0/STM32CubeIDE/plugins/com.st.stm32cube.ide.mcu.externaltools.gnu-tools-for-stm32.13.3.rel1.win32_1.0.0.202411081344/tools/bin/../lib/gcc/arm-none-eabi/13.3.1/thumb/v7e-m+fp/hard\libgcc.a(_udivmoddi4.o)
                                  0x8 (size before relaxing)
                0x0800894c                        __exidx_end = .
                0x0800894c                        . = ALIGN (0x4)

.preinit_array  0x0800894c        0x0
                0x0800894c                        . = ALIGN (0x4)
                0x0800894c                        PROVIDE (__preinit_array_start = .)
 *(.preinit_array*)
                0x0800894c                        PROVIDE (__preinit_array_end = .)
                0x0800894c                        . = ALIGN (0x4)

.init_array     0x0800894c        0x4
                0x0800894c                        . = ALIGN (0x4)
                0x0800894c                        PROVIDE (__init_array_start = .)
 *(SORT_BY_NAME(.init_array.*))
 *(.init_array*)
 .init_array    0x0800894c        0x4 F:/App/STM32CubeIDE/setup/STM32CubeIDE_1.19.0/STM32CubeIDE/plugins/com.st.stm32cube.ide.mcu.externaltools.gnu-tools-for-stm32.13.3.rel1.win32_1.0.0.202411081344/tools/bin/../lib/gcc/arm-none-eabi/13.3.1/thumb/v7e-m+fp/hard/crtbegin.o
                0x08008950                        PROVIDE (__init_array_end = .)
                0x08008950                        . = ALIGN (0x4)

.fini_array     0x08008950        0x4
                0x08008950                        . = ALIGN (0x4)
                [!provide]                        PROVIDE (__fini_array_start = .)
 *(SORT_BY_NAME(.fini_array.*))
 *(.fini_array*)
 .fini_array    0x08008950        0x4 F:/App/STM32CubeIDE/setup/STM32CubeIDE_1.19.0/STM32CubeIDE/plugins/com.st.stm32cube.ide.mcu.externaltools.gnu-tools-for-stm32.13.3.rel1.win32_1.0.0.202411081344/tools/bin/../lib/gcc/arm-none-eabi/13.3.1/thumb/v7e-m+fp/hard/crtbegin.o
                [!provide]                        PROVIDE (__fini_array_end = .)
                0x08008954                        . = ALIGN (0x4)
                0x08008954                        _sidata = LOADADDR (.data)

.rel.dyn        0x08008954        0x0
 .rel.iplt      0x08008954        0x0 F:/App/STM32CubeIDE/setup/STM32CubeIDE_1.19.0/STM32CubeIDE/plugins/com.st.stm32cube.ide.mcu.externaltools.gnu-tools-for-stm32.13.3.rel1.win32_1.0.0.202411081344/tools/bin/../lib/gcc/arm-none-eabi/13.3.1/thumb/v7e-m+fp/hard/crtbegin.o

.data           0x20000000       0x60 load address 0x08008954
                0x20000000                        . = ALIGN (0x4)
                0x20000000                        _sdata = .
 *(.data)
 *(.data*)
 .data.SystemCoreClock
                0x20000000        0x4 ./Core/Src/system_stm32f4xx.o
                0x20000000                SystemCoreClock
 .data.uwTickPrio
                0x20000004        0x4 ./Drivers/STM32F4xx_HAL_Driver/Src/stm32f4xx_hal.o
                0x20000004                uwTickPrio
 .data.uwTickFreq
                0x20000008        0x1 ./Drivers/STM32F4xx_HAL_Driver/Src/stm32f4xx_hal.o
                0x20000008                uwTickFreq
 *fill*         0x20000009        0x3 
 .data.uxCriticalNesting
                0x2000000c        0x4 ./Middlewares/Third_Party/FreeRTOS/Source/portable/GCC/ARM_CM4F/port.o
 .data._impure_ptr
                0x20000010        0x4 F:/App/STM32CubeIDE/setup/STM32CubeIDE_1.19.0/STM32CubeIDE/plugins/com.st.stm32cube.ide.mcu.externaltools.gnu-tools-for-stm32.13.3.rel1.win32_1.0.0.202411081344/tools/bin/../lib/gcc/arm-none-eabi/13.3.1/../../../../arm-none-eabi/lib/thumb/v7e-m+fp/hard\libc_nano.a(libc_a-impure.o)
                0x20000010                _impure_ptr
 .data._impure_data
                0x20000014       0x4c F:/App/STM32CubeIDE/setup/STM32CubeIDE_1.19.0/STM32CubeIDE/plugins/com.st.stm32cube.ide.mcu.externaltools.gnu-tools-for-stm32.13.3.rel1.win32_1.0.0.202411081344/tools/bin/../lib/gcc/arm-none-eabi/13.3.1/../../../../arm-none-eabi/lib/thumb/v7e-m+fp/hard\libc_nano.a(libc_a-impure.o)
                0x20000014                _impure_data
 *(.RamFunc)
 *(.RamFunc*)
                0x20000060                        . = ALIGN (0x4)
                0x20000060                        _edata = .

.igot.plt       0x20000060        0x0 load address 0x080089b4
 .igot.plt      0x20000060        0x0 F:/App/STM32CubeIDE/setup/STM32CubeIDE_1.19.0/STM32CubeIDE/plugins/com.st.stm32cube.ide.mcu.externaltools.gnu-tools-for-stm32.13.3.rel1.win32_1.0.0.202411081344/tools/bin/../lib/gcc/arm-none-eabi/13.3.1/thumb/v7e-m+fp/hard/crtbegin.o
                0x20000060                        . = ALIGN (0x4)

.bss            0x20000060     0x4cbc load address 0x080089b4
                0x20000060                        _sbss = .
                0x20000060                        __bss_start__ = _sbss
 *(.bss)
 .bss           0x20000060       0x1c F:/App/STM32CubeIDE/setup/STM32CubeIDE_1.19.0/STM32CubeIDE/plugins/com.st.stm32cube.ide.mcu.externaltools.gnu-tools-for-stm32.13.3.rel1.win32_1.0.0.202411081344/tools/bin/../lib/gcc/arm-none-eabi/13.3.1/thumb/v7e-m+fp/hard/crtbegin.o
 *(.bss*)
 .bss.hadc1     0x2000007c       0x48 ./Core/Src/main.o
                0x2000007c                hadc1
 .bss.hdma_adc1
                0x200000c4       0x60 ./Core/Src/main.o
                0x200000c4                hdma_adc1
 .bss.htim2     0x20000124       0x48 ./Core/Src/main.o
                0x20000124                htim2
 .bss.htim3     0x2000016c       0x48 ./Core/Src/main.o
                0x2000016c                htim3
 .bss.huart1    0x200001b4       0x48 ./Core/Src/main.o
                0x200001b4                huart1
 .bss.defaultTaskHandle
                0x200001fc        0x4 ./Core/Src/main.o
                0x200001fc                defaultTaskHandle
 .bss.htim5     0x20000200       0x48 ./Core/Src/stm32f4xx_hal_timebase_tim.o
                0x20000200                htim5
 .bss.__sbrk_heap_end
                0x20000248        0x4 ./Core/Src/sysmem.o
 .bss.buttonDangNhan
                0x2000024c        0x1 ./Core/libraries/button/button.o
 *fill*         0x2000024d        0x3 
 .bss.tickBatDauNhan
                0x20000250        0x4 ./Core/libraries/button/button.o
 .bss.daBaoGiuDuThoiGian
                0x20000254        0x1 ./Core/libraries/button/button.o
 .bss.lastRawState
                0x20000255        0x1 ./Core/libraries/button/button.o
 .bss.stableState
                0x20000256        0x1 ./Core/libraries/button/button.o
 *fill*         0x20000257        0x1 
 .bss.tickLastChange
                0x20000258        0x4 ./Core/libraries/button/button.o
 .bss.thongTinNhietDo
                0x2000025c        0x2 ./Core/libraries/chuongtrinhchinh/chuongtrinhchinh.o
                0x2000025c                thongTinNhietDo
 *fill*         0x2000025e        0x2 
 .bss.giaTriMQ2
                0x20000260        0x4 ./Core/libraries/chuongtrinhchinh/chuongtrinhchinh.o
                0x20000260                giaTriMQ2
 .bss.phatHienLua
                0x20000264        0x1 ./Core/libraries/chuongtrinhchinh/chuongtrinhchinh.o
                0x20000264                phatHienLua
 .bss.docDHTThanhCong
                0x20000265        0x1 ./Core/libraries/chuongtrinhchinh/chuongtrinhchinh.o
                0x20000265                docDHTThanhCong
 *fill*         0x20000266        0x2 
 .bss.tickGasAnToanBatDau
                0x20000268        0x4 ./Core/libraries/chuongtrinhchinh/chuongtrinhchinh.o
 .bss.dangChoGasOnDinh
                0x2000026c        0x1 ./Core/libraries/chuongtrinhchinh/chuongtrinhchinh.o
 .bss.cuaSoDaMo
                0x2000026d        0x1 ./Core/libraries/chuongtrinhchinh/chuongtrinhchinh.o
                0x2000026d                cuaSoDaMo
 .bss.cuaBepDaMo
                0x2000026e        0x1 ./Core/libraries/chuongtrinhchinh/chuongtrinhchinh.o
                0x2000026e                cuaBepDaMo
 .bss.cuaThoatHiemDaMo
                0x2000026f        0x1 ./Core/libraries/chuongtrinhchinh/chuongtrinhchinh.o
                0x2000026f                cuaThoatHiemDaMo
 .bss.trangThaiHienTai
                0x20000270        0x1 ./Core/libraries/chuongtrinhchinh/chuongtrinhchinh.o
                0x20000270                trangThaiHienTai
 .bss.trangThaiTruocDo
                0x20000271        0x1 ./Core/libraries/chuongtrinhchinh/chuongtrinhchinh.o
                0x20000271                trangThaiTruocDo
 .bss.khoaCanhBaoChay
                0x20000272        0x1 ./Core/libraries/chuongtrinhchinh/chuongtrinhchinh.o
                0x20000272                khoaCanhBaoChay
 *fill*         0x20000273        0x1 
 .bss.SensorTaskHandle
                0x20000274        0x4 ./Core/libraries/chuongtrinhchinh/chuongtrinhchinh.o
                0x20000274                SensorTaskHandle
 .bss.ControlTaskHandle
                0x20000278        0x4 ./Core/libraries/chuongtrinhchinh/chuongtrinhchinh.o
                0x20000278                ControlTaskHandle
 .bss.UartTaskHandle
                0x2000027c        0x4 ./Core/libraries/chuongtrinhchinh/chuongtrinhchinh.o
                0x2000027c                UartTaskHandle
 .bss.uwTick    0x20000280        0x4 ./Drivers/STM32F4xx_HAL_Driver/Src/stm32f4xx_hal.o
                0x20000280                uwTick
 .bss.KernelState
                0x20000284        0x4 ./Middlewares/Third_Party/FreeRTOS/Source/CMSIS_RTOS_V2/cmsis_os2.o
 .bss.Idle_TCB.3
                0x20000288       0x5c ./Middlewares/Third_Party/FreeRTOS/Source/CMSIS_RTOS_V2/cmsis_os2.o
 .bss.Idle_Stack.2
                0x200002e4      0x200 ./Middlewares/Third_Party/FreeRTOS/Source/CMSIS_RTOS_V2/cmsis_os2.o
 .bss.Timer_TCB.1
                0x200004e4       0x5c ./Middlewares/Third_Party/FreeRTOS/Source/CMSIS_RTOS_V2/cmsis_os2.o
 .bss.Timer_Stack.0
                0x20000540      0x400 ./Middlewares/Third_Party/FreeRTOS/Source/CMSIS_RTOS_V2/cmsis_os2.o
 .bss.xQueueRegistry
                0x20000940       0x40 ./Middlewares/Third_Party/FreeRTOS/Source/queue.o
                0x20000940                xQueueRegistry
 .bss.pxCurrentTCB
                0x20000980        0x4 ./Middlewares/Third_Party/FreeRTOS/Source/tasks.o
                0x20000980                pxCurrentTCB
 .bss.pxReadyTasksLists
                0x20000984      0x460 ./Middlewares/Third_Party/FreeRTOS/Source/tasks.o
 .bss.xDelayedTaskList1
                0x20000de4       0x14 ./Middlewares/Third_Party/FreeRTOS/Source/tasks.o
 .bss.xDelayedTaskList2
                0x20000df8       0x14 ./Middlewares/Third_Party/FreeRTOS/Source/tasks.o
 .bss.pxDelayedTaskList
                0x20000e0c        0x4 ./Middlewares/Third_Party/FreeRTOS/Source/tasks.o
 .bss.pxOverflowDelayedTaskList
                0x20000e10        0x4 ./Middlewares/Third_Party/FreeRTOS/Source/tasks.o
 .bss.xPendingReadyList
                0x20000e14       0x14 ./Middlewares/Third_Party/FreeRTOS/Source/tasks.o
 .bss.xTasksWaitingTermination
                0x20000e28       0x14 ./Middlewares/Third_Party/FreeRTOS/Source/tasks.o
 .bss.uxDeletedTasksWaitingCleanUp
                0x20000e3c        0x4 ./Middlewares/Third_Party/FreeRTOS/Source/tasks.o
 .bss.xSuspendedTaskList
                0x20000e40       0x14 ./Middlewares/Third_Party/FreeRTOS/Source/tasks.o
 .bss.uxCurrentNumberOfTasks
                0x20000e54        0x4 ./Middlewares/Third_Party/FreeRTOS/Source/tasks.o
 .bss.xTickCount
                0x20000e58        0x4 ./Middlewares/Third_Party/FreeRTOS/Source/tasks.o
 .bss.uxTopReadyPriority
                0x20000e5c        0x4 ./Middlewares/Third_Party/FreeRTOS/Source/tasks.o
 .bss.xSchedulerRunning
                0x20000e60        0x4 ./Middlewares/Third_Party/FreeRTOS/Source/tasks.o
 .bss.xPendedTicks
                0x20000e64        0x4 ./Middlewares/Third_Party/FreeRTOS/Source/tasks.o
 .bss.xYieldPending
                0x20000e68        0x4 ./Middlewares/Third_Party/FreeRTOS/Source/tasks.o
 .bss.xNumOfOverflows
                0x20000e6c        0x4 ./Middlewares/Third_Party/FreeRTOS/Source/tasks.o
 .bss.uxTaskNumber
                0x20000e70        0x4 ./Middlewares/Third_Party/FreeRTOS/Source/tasks.o
 .bss.xNextTaskUnblockTime
                0x20000e74        0x4 ./Middlewares/Third_Party/FreeRTOS/Source/tasks.o
 .bss.xIdleTaskHandle
                0x20000e78        0x4 ./Middlewares/Third_Party/FreeRTOS/Source/tasks.o
 .bss.uxSchedulerSuspended
                0x20000e7c        0x4 ./Middlewares/Third_Party/FreeRTOS/Source/tasks.o
 .bss.xActiveTimerList1
                0x20000e80       0x14 ./Middlewares/Third_Party/FreeRTOS/Source/timers.o
 .bss.xActiveTimerList2
                0x20000e94       0x14 ./Middlewares/Third_Party/FreeRTOS/Source/timers.o
 .bss.pxCurrentTimerList
                0x20000ea8        0x4 ./Middlewares/Third_Party/FreeRTOS/Source/timers.o
 .bss.pxOverflowTimerList
                0x20000eac        0x4 ./Middlewares/Third_Party/FreeRTOS/Source/timers.o
 .bss.xTimerQueue
                0x20000eb0        0x4 ./Middlewares/Third_Party/FreeRTOS/Source/timers.o
 .bss.xTimerTaskHandle
                0x20000eb4        0x4 ./Middlewares/Third_Party/FreeRTOS/Source/timers.o
 .bss.xLastTime.2
                0x20000eb8        0x4 ./Middlewares/Third_Party/FreeRTOS/Source/timers.o
 .bss.ucStaticTimerQueueStorage.1
                0x20000ebc       0xa0 ./Middlewares/Third_Party/FreeRTOS/Source/timers.o
 .bss.xStaticTimerQueue.0
                0x20000f5c       0x50 ./Middlewares/Third_Party/FreeRTOS/Source/timers.o
 .bss.ucMaxSysCallPriority
                0x20000fac        0x1 ./Middlewares/Third_Party/FreeRTOS/Source/portable/GCC/ARM_CM4F/port.o
 *fill*         0x20000fad        0x3 
 .bss.ulMaxPRIGROUPValue
                0x20000fb0        0x4 ./Middlewares/Third_Party/FreeRTOS/Source/portable/GCC/ARM_CM4F/port.o
 .bss.ucHeap    0x20000fb4     0x3c00 ./Middlewares/Third_Party/FreeRTOS/Source/portable/MemMang/heap_4.o
 .bss.xStart    0x20004bb4        0x8 ./Middlewares/Third_Party/FreeRTOS/Source/portable/MemMang/heap_4.o
 .bss.pxEnd     0x20004bbc        0x4 ./Middlewares/Third_Party/FreeRTOS/Source/portable/MemMang/heap_4.o
 .bss.xFreeBytesRemaining
                0x20004bc0        0x4 ./Middlewares/Third_Party/FreeRTOS/Source/portable/MemMang/heap_4.o
 .bss.xMinimumEverFreeBytesRemaining
                0x20004bc4        0x4 ./Middlewares/Third_Party/FreeRTOS/Source/portable/MemMang/heap_4.o
 .bss.xNumberOfSuccessfulAllocations
                0x20004bc8        0x4 ./Middlewares/Third_Party/FreeRTOS/Source/portable/MemMang/heap_4.o
 .bss.xNumberOfSuccessfulFrees
                0x20004bcc        0x4 ./Middlewares/Third_Party/FreeRTOS/Source/portable/MemMang/heap_4.o
 .bss.xBlockAllocatedBit
                0x20004bd0        0x4 ./Middlewares/Third_Party/FreeRTOS/Source/portable/MemMang/heap_4.o
 .bss.__sf      0x20004bd4      0x138 F:/App/STM32CubeIDE/setup/STM32CubeIDE_1.19.0/STM32CubeIDE/plugins/com.st.stm32cube.ide.mcu.externaltools.gnu-tools-for-stm32.13.3.rel1.win32_1.0.0.202411081344/tools/bin/../lib/gcc/arm-none-eabi/13.3.1/../../../../arm-none-eabi/lib/thumb/v7e-m+fp/hard\libc_nano.a(libc_a-findfp.o)
                0x20004bd4                __sf
 .bss.errno     0x20004d0c        0x4 F:/App/STM32CubeIDE/setup/STM32CubeIDE_1.19.0/STM32CubeIDE/plugins/com.st.stm32cube.ide.mcu.externaltools.gnu-tools-for-stm32.13.3.rel1.win32_1.0.0.202411081344/tools/bin/../lib/gcc/arm-none-eabi/13.3.1/../../../../arm-none-eabi/lib/thumb/v7e-m+fp/hard\libc_nano.a(libc_a-reent.o)
                0x20004d0c                errno
 .bss.__lock___malloc_recursive_mutex
                0x20004d10        0x1 F:/App/STM32CubeIDE/setup/STM32CubeIDE_1.19.0/STM32CubeIDE/plugins/com.st.stm32cube.ide.mcu.externaltools.gnu-tools-for-stm32.13.3.rel1.win32_1.0.0.202411081344/tools/bin/../lib/gcc/arm-none-eabi/13.3.1/../../../../arm-none-eabi/lib/thumb/v7e-m+fp/hard\libc_nano.a(libc_a-lock.o)
                0x20004d10                __lock___malloc_recursive_mutex
 *fill*         0x20004d11        0x3 
 .bss.__malloc_sbrk_start
                0x20004d14        0x4 F:/App/STM32CubeIDE/setup/STM32CubeIDE_1.19.0/STM32CubeIDE/plugins/com.st.stm32cube.ide.mcu.externaltools.gnu-tools-for-stm32.13.3.rel1.win32_1.0.0.202411081344/tools/bin/../lib/gcc/arm-none-eabi/13.3.1/../../../../arm-none-eabi/lib/thumb/v7e-m+fp/hard\libc_nano.a(libc_a-mallocr.o)
                0x20004d14                __malloc_sbrk_start
 .bss.__malloc_free_list
                0x20004d18        0x4 F:/App/STM32CubeIDE/setup/STM32CubeIDE_1.19.0/STM32CubeIDE/plugins/com.st.stm32cube.ide.mcu.externaltools.gnu-tools-for-stm32.13.3.rel1.win32_1.0.0.202411081344/tools/bin/../lib/gcc/arm-none-eabi/13.3.1/../../../../arm-none-eabi/lib/thumb/v7e-m+fp/hard\libc_nano.a(libc_a-mallocr.o)
                0x20004d18                __malloc_free_list
 *(COMMON)
                0x20004d1c                        . = ALIGN (0x4)
                0x20004d1c                        _ebss = .
                0x20004d1c                        __bss_end__ = _ebss

._user_heap_stack
                0x20004d1c      0x604 load address 0x080089b4
                0x20004d20                        . = ALIGN (0x8)
 *fill*         0x20004d1c        0x4 
                [!provide]                        PROVIDE (end = .)
                0x20004d20                        PROVIDE (_end = .)
                0x20004f20                        . = (. + _Min_Heap_Size)
 *fill*         0x20004d20      0x200 
                0x20005320                        . = (. + _Min_Stack_Size)
 *fill*         0x20004f20      0x400 
                0x20005320                        . = ALIGN (0x8)

/DISCARD/
 libc.a(*)
 libm.a(*)
 libgcc.a(*)

.ARM.attributes
                0x00000000       0x30
 *(.ARM.attributes)
 .ARM.attributes
                0x00000000       0x22 F:/App/STM32CubeIDE/setup/STM32CubeIDE_1.19.0/STM32CubeIDE/plugins/com.st.stm32cube.ide.mcu.externaltools.gnu-tools-for-stm32.13.3.rel1.win32_1.0.0.202411081344/tools/bin/../lib/gcc/arm-none-eabi/13.3.1/thumb/v7e-m+fp/hard/crti.o
 .ARM.attributes
                0x00000022       0x34 F:/App/STM32CubeIDE/setup/STM32CubeIDE_1.19.0/STM32CubeIDE/plugins/com.st.stm32cube.ide.mcu.externaltools.gnu-tools-for-stm32.13.3.rel1.win32_1.0.0.202411081344/tools/bin/../lib/gcc/arm-none-eabi/13.3.1/thumb/v7e-m+fp/hard/crtbegin.o
 .ARM.attributes
                0x00000056       0x34 ./Core/Src/main.o
 .ARM.attributes
                0x0000008a       0x34 ./Core/Src/stm32f4xx_hal_msp.o
 .ARM.attributes
                0x000000be       0x34 ./Core/Src/stm32f4xx_hal_timebase_tim.o
 .ARM.attributes
                0x000000f2       0x34 ./Core/Src/stm32f4xx_it.o
 .ARM.attributes
                0x00000126       0x34 ./Core/Src/sysmem.o
 .ARM.attributes
                0x0000015a       0x34 ./Core/Src/system_stm32f4xx.o
 .ARM.attributes
                0x0000018e       0x21 ./Core/Startup/startup_stm32f401ccux.o
 .ARM.attributes
                0x000001af       0x34 ./Core/libraries/Buzzer/Buzzer.o
 .ARM.attributes
                0x000001e3       0x34 ./Core/libraries/FireSensor/FireSensor.o
 .ARM.attributes
                0x00000217       0x34 ./Core/libraries/MQ-2/Gas.o
 .ARM.attributes
                0x0000024b       0x34 ./Core/libraries/Nhietdo/Nhietdo.o
 .ARM.attributes
                0x0000027f       0x34 ./Core/libraries/Servo/Servo.o
 .ARM.attributes
                0x000002b3       0x34 ./Core/libraries/button/button.o
 .ARM.attributes
                0x000002e7       0x34 ./Core/libraries/chuongtrinhchinh/chuongtrinhchinh.o
 .ARM.attributes
                0x0000031b       0x34 ./Core/libraries/led/led.o
 .ARM.attributes
                0x0000034f       0x34 ./Drivers/STM32F4xx_HAL_Driver/Src/stm32f4xx_hal.o
 .ARM.attributes
                0x00000383       0x34 ./Drivers/STM32F4xx_HAL_Driver/Src/stm32f4xx_hal_adc.o
 .ARM.attributes
                0x000003b7       0x34 ./Drivers/STM32F4xx_HAL_Driver/Src/stm32f4xx_hal_cortex.o
 .ARM.attributes
                0x000003eb       0x34 ./Drivers/STM32F4xx_HAL_Driver/Src/stm32f4xx_hal_dma.o
 .ARM.attributes
                0x0000041f       0x34 ./Drivers/STM32F4xx_HAL_Driver/Src/stm32f4xx_hal_gpio.o
 .ARM.attributes
                0x00000453       0x34 ./Drivers/STM32F4xx_HAL_Driver/Src/stm32f4xx_hal_rcc.o
 .ARM.attributes
                0x00000487       0x34 ./Drivers/STM32F4xx_HAL_Driver/Src/stm32f4xx_hal_tim.o
 .ARM.attributes
                0x000004bb       0x34 ./Drivers/STM32F4xx_HAL_Driver/Src/stm32f4xx_hal_tim_ex.o
 .ARM.attributes
                0x000004ef       0x34 ./Drivers/STM32F4xx_HAL_Driver/Src/stm32f4xx_hal_uart.o
 .ARM.attributes
                0x00000523       0x34 ./Middlewares/Third_Party/FreeRTOS/Source/CMSIS_RTOS_V2/cmsis_os2.o
 .ARM.attributes
                0x00000557       0x34 ./Middlewares/Third_Party/FreeRTOS/Source/list.o
 .ARM.attributes
                0x0000058b       0x34 ./Middlewares/Third_Party/FreeRTOS/Source/queue.o
 .ARM.attributes
                0x000005bf       0x34 ./Middlewares/Third_Party/FreeRTOS/Source/tasks.o
 .ARM.attributes
                0x000005f3       0x34 ./Middlewares/Third_Party/FreeRTOS/Source/timers.o
 .ARM.attributes
                0x00000627       0x34 ./Middlewares/Third_Party/FreeRTOS/Source/portable/GCC/ARM_CM4F/port.o
 .ARM.attributes
                0x0000065b       0x34 ./Middlewares/Third_Party/FreeRTOS/Source/portable/MemMang/heap_4.o
 .ARM.attributes
                0x0000068f       0x34 F:/App/STM32CubeIDE/setup/STM32CubeIDE_1.19.0/STM32CubeIDE/plugins/com.st.stm32cube.ide.mcu.externaltools.gnu-tools-for-stm32.13.3.rel1.win32_1.0.0.202411081344/tools/bin/../lib/gcc/arm-none-eabi/13.3.1/../../../../arm-none-eabi/lib/thumb/v7e-m+fp/hard\libc_nano.a(libc_a-findfp.o)
 .ARM.attributes
                0x000006c3       0x34 F:/App/STM32CubeIDE/setup/STM32CubeIDE_1.19.0/STM32CubeIDE/plugins/com.st.stm32cube.ide.mcu.externaltools.gnu-tools-for-stm32.13.3.rel1.win32_1.0.0.202411081344/tools/bin/../lib/gcc/arm-none-eabi/13.3.1/../../../../arm-none-eabi/lib/thumb/v7e-m+fp/hard\libc_nano.a(libc_a-snprintf.o)
 .ARM.attributes
                0x000006f7       0x34 F:/App/STM32CubeIDE/setup/STM32CubeIDE_1.19.0/STM32CubeIDE/plugins/com.st.stm32cube.ide.mcu.externaltools.gnu-tools-for-stm32.13.3.rel1.win32_1.0.0.202411081344/tools/bin/../lib/gcc/arm-none-eabi/13.3.1/../../../../arm-none-eabi/lib/thumb/v7e-m+fp/hard\libc_nano.a(libc_a-memset.o)
 .ARM.attributes
                0x0000072b       0x34 F:/App/STM32CubeIDE/setup/STM32CubeIDE_1.19.0/STM32CubeIDE/plugins/com.st.stm32cube.ide.mcu.externaltools.gnu-tools-for-stm32.13.3.rel1.win32_1.0.0.202411081344/tools/bin/../lib/gcc/arm-none-eabi/13.3.1/../../../../arm-none-eabi/lib/thumb/v7e-m+fp/hard\libc_nano.a(libc_a-reent.o)
 .ARM.attributes
                0x0000075f       0x34 F:/App/STM32CubeIDE/setup/STM32CubeIDE_1.19.0/STM32CubeIDE/plugins/com.st.stm32cube.ide.mcu.externaltools.gnu-tools-for-stm32.13.3.rel1.win32_1.0.0.202411081344/tools/bin/../lib/gcc/arm-none-eabi/13.3.1/../../../../arm-none-eabi/lib/thumb/v7e-m+fp/hard\libc_nano.a(libc_a-impure.o)
 .ARM.attributes
                0x00000793       0x34 F:/App/STM32CubeIDE/setup/STM32CubeIDE_1.19.0/STM32CubeIDE/plugins/com.st.stm32cube.ide.mcu.externaltools.gnu-tools-for-stm32.13.3.rel1.win32_1.0.0.202411081344/tools/bin/../lib/gcc/arm-none-eabi/13.3.1/../../../../arm-none-eabi/lib/thumb/v7e-m+fp/hard\libc_nano.a(libc_a-errno.o)
 .ARM.attributes
                0x000007c7       0x34 F:/App/STM32CubeIDE/setup/STM32CubeIDE_1.19.0/STM32CubeIDE/plugins/com.st.stm32cube.ide.mcu.externaltools.gnu-tools-for-stm32.13.3.rel1.win32_1.0.0.202411081344/tools/bin/../lib/gcc/arm-none-eabi/13.3.1/../../../../arm-none-eabi/lib/thumb/v7e-m+fp/hard\libc_nano.a(libc_a-init.o)
 .ARM.attributes
                0x000007fb       0x34 F:/App/STM32CubeIDE/setup/STM32CubeIDE_1.19.0/STM32CubeIDE/plugins/com.st.stm32cube.ide.mcu.externaltools.gnu-tools-for-stm32.13.3.rel1.win32_1.0.0.202411081344/tools/bin/../lib/gcc/arm-none-eabi/13.3.1/../../../../arm-none-eabi/lib/thumb/v7e-m+fp/hard\libc_nano.a(libc_a-lock.o)
 .ARM.attributes
                0x0000082f       0x34 F:/App/STM32CubeIDE/setup/STM32CubeIDE_1.19.0/STM32CubeIDE/plugins/com.st.stm32cube.ide.mcu.externaltools.gnu-tools-for-stm32.13.3.rel1.win32_1.0.0.202411081344/tools/bin/../lib/gcc/arm-none-eabi/13.3.1/../../../../arm-none-eabi/lib/thumb/v7e-m+fp/hard\libc_nano.a(libc_a-memcpy-stub.o)
 .ARM.attributes
                0x00000863       0x17 F:/App/STM32CubeIDE/setup/STM32CubeIDE_1.19.0/STM32CubeIDE/plugins/com.st.stm32cube.ide.mcu.externaltools.gnu-tools-for-stm32.13.3.rel1.win32_1.0.0.202411081344/tools/bin/../lib/gcc/arm-none-eabi/13.3.1/../../../../arm-none-eabi/lib/thumb/v7e-m+fp/hard\libc_nano.a(libc_a-strlen.o)
 .ARM.attributes
                0x0000087a       0x34 F:/App/STM32CubeIDE/setup/STM32CubeIDE_1.19.0/STM32CubeIDE/plugins/com.st.stm32cube.ide.mcu.externaltools.gnu-tools-for-stm32.13.3.rel1.win32_1.0.0.202411081344/tools/bin/../lib/gcc/arm-none-eabi/13.3.1/../../../../arm-none-eabi/lib/thumb/v7e-m+fp/hard\libc_nano.a(libc_a-freer.o)
 .ARM.attributes
                0x000008ae       0x34 F:/App/STM32CubeIDE/setup/STM32CubeIDE_1.19.0/STM32CubeIDE/plugins/com.st.stm32cube.ide.mcu.externaltools.gnu-tools-for-stm32.13.3.rel1.win32_1.0.0.202411081344/tools/bin/../lib/gcc/arm-none-eabi/13.3.1/../../../../arm-none-eabi/lib/thumb/v7e-m+fp/hard\libc_nano.a(libc_a-mallocr.o)
 .ARM.attributes
                0x000008e2       0x34 F:/App/STM32CubeIDE/setup/STM32CubeIDE_1.19.0/STM32CubeIDE/plugins/com.st.stm32cube.ide.mcu.externaltools.gnu-tools-for-stm32.13.3.rel1.win32_1.0.0.202411081344/tools/bin/../lib/gcc/arm-none-eabi/13.3.1/../../../../arm-none-eabi/lib/thumb/v7e-m+fp/hard\libc_nano.a(libc_a-mlock.o)
 .ARM.attributes
                0x00000916       0x34 F:/App/STM32CubeIDE/setup/STM32CubeIDE_1.19.0/STM32CubeIDE/plugins/com.st.stm32cube.ide.mcu.externaltools.gnu-tools-for-stm32.13.3.rel1.win32_1.0.0.202411081344/tools/bin/../lib/gcc/arm-none-eabi/13.3.1/../../../../arm-none-eabi/lib/thumb/v7e-m+fp/hard\libc_nano.a(libc_a-nano-svfprintf.o)
 .ARM.attributes
                0x0000094a       0x34 F:/App/STM32CubeIDE/setup/STM32CubeIDE_1.19.0/STM32CubeIDE/plugins/com.st.stm32cube.ide.mcu.externaltools.gnu-tools-for-stm32.13.3.rel1.win32_1.0.0.202411081344/tools/bin/../lib/gcc/arm-none-eabi/13.3.1/../../../../arm-none-eabi/lib/thumb/v7e-m+fp/hard\libc_nano.a(libc_a-nano-vfprintf_i.o)
 .ARM.attributes
                0x0000097e       0x34 F:/App/STM32CubeIDE/setup/STM32CubeIDE_1.19.0/STM32CubeIDE/plugins/com.st.stm32cube.ide.mcu.externaltools.gnu-tools-for-stm32.13.3.rel1.win32_1.0.0.202411081344/tools/bin/../lib/gcc/arm-none-eabi/13.3.1/../../../../arm-none-eabi/lib/thumb/v7e-m+fp/hard\libc_nano.a(libc_a-memmove.o)
 .ARM.attributes
                0x000009b2       0x34 F:/App/STM32CubeIDE/setup/STM32CubeIDE_1.19.0/STM32CubeIDE/plugins/com.st.stm32cube.ide.mcu.externaltools.gnu-tools-for-stm32.13.3.rel1.win32_1.0.0.202411081344/tools/bin/../lib/gcc/arm-none-eabi/13.3.1/../../../../arm-none-eabi/lib/thumb/v7e-m+fp/hard\libc_nano.a(libc_a-sbrkr.o)
 .ARM.attributes
                0x000009e6       0x1c F:/App/STM32CubeIDE/setup/STM32CubeIDE_1.19.0/STM32CubeIDE/plugins/com.st.stm32cube.ide.mcu.externaltools.gnu-tools-for-stm32.13.3.rel1.win32_1.0.0.202411081344/tools/bin/../lib/gcc/arm-none-eabi/13.3.1/../../../../arm-none-eabi/lib/thumb/v7e-m+fp/hard\libc_nano.a(libc_a-memchr.o)
 .ARM.attributes
                0x00000a02       0x34 F:/App/STM32CubeIDE/setup/STM32CubeIDE_1.19.0/STM32CubeIDE/plugins/com.st.stm32cube.ide.mcu.externaltools.gnu-tools-for-stm32.13.3.rel1.win32_1.0.0.202411081344/tools/bin/../lib/gcc/arm-none-eabi/13.3.1/../../../../arm-none-eabi/lib/thumb/v7e-m+fp/hard\libc_nano.a(libc_a-reallocr.o)
 .ARM.attributes
                0x00000a36       0x34 F:/App/STM32CubeIDE/setup/STM32CubeIDE_1.19.0/STM32CubeIDE/plugins/com.st.stm32cube.ide.mcu.externaltools.gnu-tools-for-stm32.13.3.rel1.win32_1.0.0.202411081344/tools/bin/../lib/gcc/arm-none-eabi/13.3.1/../../../../arm-none-eabi/lib/thumb/v7e-m+fp/hard\libc_nano.a(libc_a-msizer.o)
 .ARM.attributes
                0x00000a6a       0x22 F:/App/STM32CubeIDE/setup/STM32CubeIDE_1.19.0/STM32CubeIDE/plugins/com.st.stm32cube.ide.mcu.externaltools.gnu-tools-for-stm32.13.3.rel1.win32_1.0.0.202411081344/tools/bin/../lib/gcc/arm-none-eabi/13.3.1/thumb/v7e-m+fp/hard\libgcc.a(_aeabi_uldivmod.o)
 .ARM.attributes
                0x00000a8c       0x34 F:/App/STM32CubeIDE/setup/STM32CubeIDE_1.19.0/STM32CubeIDE/plugins/com.st.stm32cube.ide.mcu.externaltools.gnu-tools-for-stm32.13.3.rel1.win32_1.0.0.202411081344/tools/bin/../lib/gcc/arm-none-eabi/13.3.1/thumb/v7e-m+fp/hard\libgcc.a(_udivmoddi4.o)
 .ARM.attributes
                0x00000ac0       0x22 F:/App/STM32CubeIDE/setup/STM32CubeIDE_1.19.0/STM32CubeIDE/plugins/com.st.stm32cube.ide.mcu.externaltools.gnu-tools-for-stm32.13.3.rel1.win32_1.0.0.202411081344/tools/bin/../lib/gcc/arm-none-eabi/13.3.1/thumb/v7e-m+fp/hard\libgcc.a(_dvmd_tls.o)
 .ARM.attributes
                0x00000ae2       0x22 F:/App/STM32CubeIDE/setup/STM32CubeIDE_1.19.0/STM32CubeIDE/plugins/com.st.stm32cube.ide.mcu.externaltools.gnu-tools-for-stm32.13.3.rel1.win32_1.0.0.202411081344/tools/bin/../lib/gcc/arm-none-eabi/13.3.1/thumb/v7e-m+fp/hard/crtn.o
OUTPUT(Hethongcambienv2.elf elf32-littlearm)
LOAD linker stubs
LOAD F:/App/STM32CubeIDE/setup/STM32CubeIDE_1.19.0/STM32CubeIDE/plugins/com.st.stm32cube.ide.mcu.externaltools.gnu-tools-for-stm32.13.3.rel1.win32_1.0.0.202411081344/tools/bin/../lib/gcc/arm-none-eabi/13.3.1/../../../../arm-none-eabi/lib/thumb/v7e-m+fp/hard\libc.a
LOAD F:/App/STM32CubeIDE/setup/STM32CubeIDE_1.19.0/STM32CubeIDE/plugins/com.st.stm32cube.ide.mcu.externaltools.gnu-tools-for-stm32.13.3.rel1.win32_1.0.0.202411081344/tools/bin/../lib/gcc/arm-none-eabi/13.3.1/../../../../arm-none-eabi/lib/thumb/v7e-m+fp/hard\libm.a
LOAD F:/App/STM32CubeIDE/setup/STM32CubeIDE_1.19.0/STM32CubeIDE/plugins/com.st.stm32cube.ide.mcu.externaltools.gnu-tools-for-stm32.13.3.rel1.win32_1.0.0.202411081344/tools/bin/../lib/gcc/arm-none-eabi/13.3.1/thumb/v7e-m+fp/hard\libgcc.a

.debug_info     0x00000000    0x1b3e6
 .debug_info    0x00000000     0x19e0 ./Core/Src/main.o
 .debug_info    0x000019e0     0x1286 ./Core/Src/stm32f4xx_hal_msp.o
 .debug_info    0x00002c66      0xb7d ./Core/Src/stm32f4xx_hal_timebase_tim.o
 .debug_info    0x000037e3      0x6cd ./Core/Src/stm32f4xx_it.o
 .debug_info    0x00003eb0      0x168 ./Core/Src/sysmem.o
 .debug_info    0x00004018      0x53e ./Core/Src/system_stm32f4xx.o
 .debug_info    0x00004556       0x30 ./Core/Startup/startup_stm32f401ccux.o
 .debug_info    0x00004586      0x274 ./Core/libraries/Buzzer/Buzzer.o
 .debug_info    0x000047fa      0x248 ./Core/libraries/FireSensor/FireSensor.o
 .debug_info    0x00004a42      0x63f ./Core/libraries/MQ-2/Gas.o
 .debug_info    0x00005081      0x5e2 ./Core/libraries/Nhietdo/Nhietdo.o
 .debug_info    0x00005663      0x72a ./Core/libraries/Servo/Servo.o
 .debug_info    0x00005d8d      0x2c4 ./Core/libraries/button/button.o
 .debug_info    0x00006051     0x1028 ./Core/libraries/chuongtrinhchinh/chuongtrinhchinh.o
 .debug_info    0x00007079      0x212 ./Core/libraries/led/led.o
 .debug_info    0x0000728b      0x8bb ./Drivers/STM32F4xx_HAL_Driver/Src/stm32f4xx_hal.o
 .debug_info    0x00007b46      0xce0 ./Drivers/STM32F4xx_HAL_Driver/Src/stm32f4xx_hal_adc.o
 .debug_info    0x00008826      0xcf6 ./Drivers/STM32F4xx_HAL_Driver/Src/stm32f4xx_hal_cortex.o
 .debug_info    0x0000951c      0x8e6 ./Drivers/STM32F4xx_HAL_Driver/Src/stm32f4xx_hal_dma.o
 .debug_info    0x00009e02      0x6f9 ./Drivers/STM32F4xx_HAL_Driver/Src/stm32f4xx_hal_gpio.o
 .debug_info    0x0000a4fb      0x905 ./Drivers/STM32F4xx_HAL_Driver/Src/stm32f4xx_hal_rcc.o
 .debug_info    0x0000ae00     0x2996 ./Drivers/STM32F4xx_HAL_Driver/Src/stm32f4xx_hal_tim.o
 .debug_info    0x0000d796     0x14d4 ./Drivers/STM32F4xx_HAL_Driver/Src/stm32f4xx_hal_tim_ex.o
 .debug_info    0x0000ec6a     0x2f56 ./Drivers/STM32F4xx_HAL_Driver/Src/stm32f4xx_hal_uart.o
 .debug_info    0x00011bc0     0x39d7 ./Middlewares/Third_Party/FreeRTOS/Source/CMSIS_RTOS_V2/cmsis_os2.o
 .debug_info    0x00015597      0x2af ./Middlewares/Third_Party/FreeRTOS/Source/list.o
 .debug_info    0x00015846     0x1b79 ./Middlewares/Third_Party/FreeRTOS/Source/queue.o
 .debug_info    0x000173bf     0x21ec ./Middlewares/Third_Party/FreeRTOS/Source/tasks.o
 .debug_info    0x000195ab     0x1488 ./Middlewares/Third_Party/FreeRTOS/Source/timers.o
 .debug_info    0x0001aa33      0x4de ./Middlewares/Third_Party/FreeRTOS/Source/portable/GCC/ARM_CM4F/port.o
 .debug_info    0x0001af11      0x4d5 ./Middlewares/Third_Party/FreeRTOS/Source/portable/MemMang/heap_4.o

.debug_abbrev   0x00000000     0x4429
 .debug_abbrev  0x00000000      0x30a ./Core/Src/main.o
 .debug_abbrev  0x0000030a      0x292 ./Core/Src/stm32f4xx_hal_msp.o
 .debug_abbrev  0x0000059c      0x207 ./Core/Src/stm32f4xx_hal_timebase_tim.o
 .debug_abbrev  0x000007a3      0x194 ./Core/Src/stm32f4xx_it.o
 .debug_abbrev  0x00000937       0xbc ./Core/Src/sysmem.o
 .debug_abbrev  0x000009f3      0x11a ./Core/Src/system_stm32f4xx.o
 .debug_abbrev  0x00000b0d       0x24 ./Core/Startup/startup_stm32f401ccux.o
 .debug_abbrev  0x00000b31      0x14b ./Core/libraries/Buzzer/Buzzer.o
 .debug_abbrev  0x00000c7c      0x169 ./Core/libraries/FireSensor/FireSensor.o
 .debug_abbrev  0x00000de5      0x138 ./Core/libraries/MQ-2/Gas.o
 .debug_abbrev  0x00000f1d      0x220 ./Core/libraries/Nhietdo/Nhietdo.o
 .debug_abbrev  0x0000113d      0x1d2 ./Core/libraries/Servo/Servo.o
 .debug_abbrev  0x0000130f      0x192 ./Core/libraries/button/button.o
 .debug_abbrev  0x000014a1      0x31a ./Core/libraries/chuongtrinhchinh/chuongtrinhchinh.o
 .debug_abbrev  0x000017bb       0xf6 ./Core/libraries/led/led.o
 .debug_abbrev  0x000018b1      0x24b ./Drivers/STM32F4xx_HAL_Driver/Src/stm32f4xx_hal.o
 .debug_abbrev  0x00001afc      0x20e ./Drivers/STM32F4xx_HAL_Driver/Src/stm32f4xx_hal_adc.o
 .debug_abbrev  0x00001d0a      0x31d ./Drivers/STM32F4xx_HAL_Driver/Src/stm32f4xx_hal_cortex.o
 .debug_abbrev  0x00002027      0x221 ./Drivers/STM32F4xx_HAL_Driver/Src/stm32f4xx_hal_dma.o
 .debug_abbrev  0x00002248      0x1d3 ./Drivers/STM32F4xx_HAL_Driver/Src/stm32f4xx_hal_gpio.o
 .debug_abbrev  0x0000241b      0x2b6 ./Drivers/STM32F4xx_HAL_Driver/Src/stm32f4xx_hal_rcc.o