../Core/libraries/chuongtrinhchinh/chuongtrinhchinh.c:95:13:ESP_SendString	16	static
../Core/libraries/chuongtrinhchinh/chuongtrinhchinh.c:103:13:ESP_SendState	200	static
../Core/libraries/chuongtrinhchinh/chuongtrinhchinh.c:152:13:ESP_SendLevel3ReleasedEvent	8	static
../Core/libraries/chuongtrinhchinh/chuongtrinhchinh.c:160:13:MoCua	16	static
../Core/libraries/chuongtrinhchinh/chuongtrinhchinh.c:171:13:DongCua	16	static
../Core/libraries/chuongtrinhchinh/chuongtrinhchinh.c:182:13:MoCuaSo	8	static
../Core/libraries/chuongtrinhchinh/chuongtrinhchinh.c:183:13:DongCuaSo	8	static
../Core/libraries/chuongtrinhchinh/chuongtrinhchinh.c:185:13:MoCuaBep	8	static
../Core/libraries/chuongtrinhchinh/chuongtrinhchinh.c:186:13:DongCuaBep	8	static
../Core/libraries/chuongtrinhchinh/chuongtrinhchinh.c:188:13:MoCuaThoatHiem	8	static
../Core/libraries/chuongtrinhchinh/chuongtrinhchinh.c:189:13:DongCuaThoatHiem	8	static
../Core/libraries/chuongtrinhchinh/chuongtrinhchinh.c:191:13:MoTatCaCua	8	static
../Core/libraries/chuongtrinhchinh/chuongtrinhchinh.c:198:13:DongTatCaCua	8	static
../Core/libraries/chuongtrinhchinh/chuongtrinhchinh.c:212:22:XacDinhTrangThai	8	static
../Core/libraries/chuongtrinhchinh/chuongtrinhchinh.c:290:13:KiemTraNutDeMoKhoaMuc3	8	static
../Core/libraries/chuongtrinhchinh/chuongtrinhchinh.c:308:13:XuLyKhiVaoTrangThaiMoi	16	static
../Core/libraries/chuongtrinhchinh/chuongtrinhchinh.c:349:13:XuLyTrangThaiLienTuc	16	static
../Core/libraries/chuongtrinhchinh/chuongtrinhchinh.c:404:6:StartSensorTask	24	static
../Core/libraries/chuongtrinhchinh/chuongtrinhchinh.c:438:6:StartControlTask	16	static
../Core/libraries/chuongtrinhchinh/chuongtrinhchinh.c:471:6:StartUartTask	16	static
../Core/libraries/chuongtrinhchinh/chuongtrinhchinh.c:483:6:KhoiTao	8	static
