../Core/Src/main.c:86:5:main	8	static
../Core/Src/main.c:175:6:SystemClock_Config	88	static
../Core/Src/main.c:221:13:MX_ADC1_Init	24	static
../Core/Src/main.c:282:13:MX_TIM2_Init	64	static
../Core/Src/main.c:349:13:MX_TIM3_Init	64	static
../Core/Src/main.c:408:13:MX_USART1_UART_Init	8	static
../Core/Src/main.c:439:13:MX_DMA_Init	16	static
../Core/Src/main.c:457:13:MX_GPIO_Init	40	static
../Core/Src/main.c:517:6:StartDefaultTask	16	static
../Core/Src/main.c:536:6:HAL_TIM_PeriodElapsedCallback	16	static
../Core/Src/main.c:554:6:Error_Handler	4	static,ignoring_inline_asm
